Archive member included to satisfy reference by file (symbol)

C:\Users\unknown\Documents\LPCWorkspace\lpc_chip_175x_6x\Debug\liblpc_chip_175x_6x.a(adc_17xx_40xx.o)
                              ./Firmware/src/Driver/DriverADC.o (Chip_ADC_Init)
C:\Users\unknown\Documents\LPCWorkspace\lpc_chip_175x_6x\Debug\liblpc_chip_175x_6x.a(chip_17xx_40xx.o)
                              ./freeRTOS/src/port.o (SystemCoreClock)
C:\Users\unknown\Documents\LPCWorkspace\lpc_chip_175x_6x\Debug\liblpc_chip_175x_6x.a(clock_17xx_40xx.o)
                              C:\Users\unknown\Documents\LPCWorkspace\lpc_chip_175x_6x\Debug\liblpc_chip_175x_6x.a(chip_17xx_40xx.o) (Chip_Clock_EnablePLL)
C:\Users\unknown\Documents\LPCWorkspace\lpc_chip_175x_6x\Debug\liblpc_chip_175x_6x.a(gpdma_17xx_40xx.o)
                              ./Firmware/src/Driver/DriverDMA.o (Chip_GPDMA_Init)
C:\Users\unknown\Documents\LPCWorkspace\lpc_chip_175x_6x\Debug\liblpc_chip_175x_6x.a(iocon_17xx_40xx.o)
                              ./Firmware/src/Driver/DriverGPIO.o (Chip_IOCON_PinMux)
C:\Users\unknown\Documents\LPCWorkspace\lpc_chip_175x_6x\Debug\liblpc_chip_175x_6x.a(sysinit_17xx_40xx.o)
                              ./Firmware/src/Main/sysinit.o (Chip_SystemInit)
c:/nxp/lpcxpresso_8.2.2_650/lpcxpresso/tools/bin/../lib/gcc/arm-none-eabi/5.4.1/../../../../arm-none-eabi/lib/armv7-m\libcr_semihost.a(_cr__main.o)
                              ./Firmware/src/Main/cr_startup_lpc175x_6x.o (__main)
c:/nxp/lpcxpresso_8.2.2_650/lpcxpresso/tools/bin/../lib/gcc/arm-none-eabi/5.4.1/../../../../arm-none-eabi/lib/armv7-m\libcr_c.a(memcpy.o)
                              ./freeRTOS/src/queue.o (memcpy)
c:/nxp/lpcxpresso_8.2.2_650/lpcxpresso/tools/bin/../lib/gcc/arm-none-eabi/5.4.1/../../../../arm-none-eabi/lib/armv7-m\libcr_c.a(memset.o)
                              ./freeRTOS/src/tasks.o (memset)
c:/nxp/lpcxpresso_8.2.2_650/lpcxpresso/tools/bin/../lib/gcc/arm-none-eabi/5.4.1/../../../../arm-none-eabi/lib/armv7-m\libcr_c.a(alloc.o)
                              ./freeRTOS/src/heap_3.o (malloc)
c:/nxp/lpcxpresso_8.2.2_650/lpcxpresso/tools/bin/../lib/gcc/arm-none-eabi/5.4.1/../../../../arm-none-eabi/lib/armv7-m\libcr_c.a(initio.o)
                              c:/nxp/lpcxpresso_8.2.2_650/lpcxpresso/tools/bin/../lib/gcc/arm-none-eabi/5.4.1/../../../../arm-none-eabi/lib/armv7-m\libcr_semihost.a(_cr__main.o) (_initio)
c:/nxp/lpcxpresso_8.2.2_650/lpcxpresso/tools/bin/../lib/gcc/arm-none-eabi/5.4.1/../../../../arm-none-eabi/lib/armv7-m\libcr_c.a(setvbuf.o)
                              c:/nxp/lpcxpresso_8.2.2_650/lpcxpresso/tools/bin/../lib/gcc/arm-none-eabi/5.4.1/../../../../arm-none-eabi/lib/armv7-m\libcr_c.a(initio.o) (setvbuf)
c:/nxp/lpcxpresso_8.2.2_650/lpcxpresso/tools/bin/../lib/gcc/arm-none-eabi/5.4.1/../../../../arm-none-eabi/lib/armv7-m\libcr_c.a(stdio.o)
                              c:/nxp/lpcxpresso_8.2.2_650/lpcxpresso/tools/bin/../lib/gcc/arm-none-eabi/5.4.1/../../../../arm-none-eabi/lib/armv7-m\libcr_c.a(initio.o) (__Ciob)
c:/nxp/lpcxpresso_8.2.2_650/lpcxpresso/tools/bin/../lib/gcc/arm-none-eabi/5.4.1/../../../../arm-none-eabi/lib/armv7-m\libcr_c.a(__fillbuf.o)
                              c:/nxp/lpcxpresso_8.2.2_650/lpcxpresso/tools/bin/../lib/gcc/arm-none-eabi/5.4.1/../../../../arm-none-eabi/lib/armv7-m\libcr_c.a(stdio.o) (__filbuf)
c:/nxp/lpcxpresso_8.2.2_650/lpcxpresso/tools/bin/../lib/gcc/arm-none-eabi/5.4.1/../../../../arm-none-eabi/lib/armv7-m\libcr_c.a(__init_alloc.o)
                              c:/nxp/lpcxpresso_8.2.2_650/lpcxpresso/tools/bin/../lib/gcc/arm-none-eabi/5.4.1/../../../../arm-none-eabi/lib/armv7-m\libcr_c.a(alloc.o) (__heaps)
c:/nxp/lpcxpresso_8.2.2_650/lpcxpresso/tools/bin/../lib/gcc/arm-none-eabi/5.4.1/../../../../arm-none-eabi/lib/armv7-m\libcr_c.a(_cr_sbrk.o)
                              c:/nxp/lpcxpresso_8.2.2_650/lpcxpresso/tools/bin/../lib/gcc/arm-none-eabi/5.4.1/../../../../arm-none-eabi/lib/armv7-m\libcr_c.a(alloc.o) (_sbrk)
c:/nxp/lpcxpresso_8.2.2_650/lpcxpresso/tools/bin/../lib/gcc/arm-none-eabi/5.4.1/../../../../arm-none-eabi/lib/armv7-m\libcr_c.a(_deferredlazyseek.o)
                              c:/nxp/lpcxpresso_8.2.2_650/lpcxpresso/tools/bin/../lib/gcc/arm-none-eabi/5.4.1/../../../../arm-none-eabi/lib/armv7-m\libcr_c.a(__fillbuf.o) (_deferredlazyseek)
c:/nxp/lpcxpresso_8.2.2_650/lpcxpresso/tools/bin/../lib/gcc/arm-none-eabi/5.4.1/../../../../arm-none-eabi/lib/armv7-m\libcr_c.a(_fdopen.o)
                              c:/nxp/lpcxpresso_8.2.2_650/lpcxpresso/tools/bin/../lib/gcc/arm-none-eabi/5.4.1/../../../../arm-none-eabi/lib/armv7-m\libcr_c.a(initio.o) (_fdopen)
c:/nxp/lpcxpresso_8.2.2_650/lpcxpresso/tools/bin/../lib/gcc/arm-none-eabi/5.4.1/../../../../arm-none-eabi/lib/armv7-m\libcr_c.a(_fflush.o)
                              c:/nxp/lpcxpresso_8.2.2_650/lpcxpresso/tools/bin/../lib/gcc/arm-none-eabi/5.4.1/../../../../arm-none-eabi/lib/armv7-m\libcr_c.a(__fillbuf.o) (_fflush)
[...]
Memory Configuration

Name             Origin             Length             Attributes
MFlash512        0x00000000         0x00080000         xr
RamLoc32         0x10000000         0x00008000         xrw
RamAHB32         0x2007c000         0x00008000         xrw
*default*        0x00000000         0xffffffff

Linker script and memory map

LOAD ./freeRTOS/src/FreeRTOSCommonHooks.o
LOAD ./freeRTOS/src/croutine.o
LOAD ./freeRTOS/src/event_groups.o
LOAD ./freeRTOS/src/heap_3.o
LOAD ./freeRTOS/src/list.o
LOAD ./freeRTOS/src/port.o
LOAD ./freeRTOS/src/queue.o
LOAD ./freeRTOS/src/tasks.o
LOAD ./freeRTOS/src/timers.o
LOAD ./Firmware/src/Primitive/PrimitivaIR.o
LOAD ./Firmware/src/Primitive/PrimitivaSerie.o
LOAD ./Firmware/src/Primitive/PrimitivaTFT.o
LOAD ./Firmware/src/Primitive/PrimitivaUSB.o
LOAD ./Firmware/src/Main/cr_startup_lpc175x_6x.o
LOAD ./Firmware/src/Main/crp.o
LOAD ./Firmware/src/Main/main.o
LOAD ./Firmware/src/Main/sysinit.o
LOAD ./Firmware/src/Driver/DriverADC.o
LOAD ./Firmware/src/Driver/DriverDMA.o
LOAD ./Firmware/src/Driver/DriverGPIO.o
LOAD ./Firmware/src/Driver/DriverIR.o
LOAD ./Firmware/src/Driver/DriverIRQ.o
LOAD ./Firmware/src/Driver/DriverRTC.o
LOAD ./Firmware/src/Driver/DriverSerie.o
LOAD ./Firmware/src/Driver/DriverTFT.o
LOAD ./Firmware/src/Driver/DriverTimer.o
LOAD ./Firmware/src/Driver/DriverUSB.o
LOAD ./Firmware/src/Driver/Init.o
LOAD ./Firmware/src/Driver/hid_desc.o
LOAD ./Firmware/src/Driver/hid_generic.o
LOAD ./Firmware/src/App/Aplicacion.o
LOAD C:\Users\unknown\Documents\LPCWorkspace\lpc_chip_175x_6x\Debug\liblpc_chip_175x_6x.a
START GROUP
LOAD c:/nxp/lpcxpresso_8.2.2_650/lpcxpresso/tools/bin/../lib/gcc/arm-none-eabi/5.4.1/../../../../arm-none-eabi/lib/armv7-m\libcr_semihost.a
LOAD c:/nxp/lpcxpresso_8.2.2_650/lpcxpresso/tools/bin/../lib/gcc/arm-none-eabi/5.4.1/../../../../arm-none-eabi/lib/armv7-m\libcr_c.a
LOAD c:/nxp/lpcxpresso_8.2.2_650/lpcxpresso/tools/bin/../lib/gcc/arm-none-eabi/5.4.1/armv7-m\libcr_eabihelpers.a
END GROUP
                0x00000000                __base_MFlash512 = 0x0
                0x00000000                __base_Flash = 0x0
                0x00080000                __top_MFlash512 = 0x80000
                0x00080000                __top_Flash = 0x80000
                0x10000000                __base_RamLoc32 = 0x10000000
                0x10000000                __base_RAM = 0x10000000
                0x10008000                __top_RamLoc32 = 0x10008000
                0x10008000                __top_RAM = 0x10008000
                0x2007c000                __base_RamAHB32 = 0x2007c000
                0x2007c000                __base_RAM2 = 0x2007c000
                0x20084000                __top_RamAHB32 = 0x20084000
                0x20084000                __top_RAM2 = 0x20084000

.text           0x00000000     0x3828
 FILL mask 0xff
                0x00000000                __vectors_start__ = ABSOLUTE (.)
 *(.isr_vector)
 .isr_vector    0x00000000       0xcc ./Firmware/src/Main/cr_startup_lpc175x_6x.o
                0x00000000                g_pfnVectors
                0x000000cc                . = ALIGN (0x4)
                0x000000cc                __section_table_start = .
                0x000000cc                __data_section_table = .
                0x000000cc        0x4 LONG 0x3828 LOADADDR (.data)
                0x000000d0        0x4 LONG 0x10000000 ADDR (.data)
                0x000000d4        0x4 LONG 0x8 SIZEOF (.data)
                0x000000d8        0x4 LONG 0x3828 LOADADDR (.data_RAM2)
                0x000000dc        0x4 LONG 0x2007c000 ADDR (.data_RAM2)
                0x000000e0        0x4 LONG 0x0 SIZEOF (.data_RAM2)
                0x000000e4                __data_section_table_end = .
                0x000000e4                __bss_section_table = .
                0x000000e4        0x4 LONG 0x10000008 ADDR (.bss)
                0x000000e8        0x4 LONG 0x318 SIZEOF (.bss)
                0x000000ec        0x4 LONG 0x2007c000 ADDR (.bss_RAM2)
                0x000000f0        0x4 LONG 0x0 SIZEOF (.bss_RAM2)
                0x000000f4                __bss_section_table_end = .
                0x000000f4                __section_table_end = .
 *(.after_vectors*)
 .after_vectors
                0x000000f4      0x144 ./Firmware/src/Main/cr_startup_lpc175x_6x.o
                0x000000f4                data_init
                0x00000138                bss_init
                0x00000170                ResetISR
                0x000001e8                NMI_Handler
                0x000001f0                HardFault_Handler
                0x000001f8                MemManage_Handler
                0x00000200                BusFault_Handler
                0x00000208                UsageFault_Handler
                0x00000218                DebugMon_Handler
                0x00000230                UART1_IRQHandler
                0x00000230                EINT3_IRQHandler
                0x00000230                I2C1_IRQHandler
                0x00000230                TIMER3_IRQHandler
                0x00000230                UART0_IRQHandler
                0x00000230                USBActivity_IRQHandler
                0x00000230                CANActivity_IRQHandler
                0x00000230                EINT2_IRQHandler
                0x00000230                IntDefaultHandler
                0x00000230                PLL0_IRQHandler
                0x00000230                I2C0_IRQHandler
                0x00000230                PLL1_IRQHandler
                0x00000230                SSP0_IRQHandler
                0x00000230                I2S_IRQHandler
                0x00000230                I2C2_IRQHandler
                0x00000230                RTC_IRQHandler
                0x00000230                SPI_IRQHandler
                0x00000230                RIT_IRQHandler
                0x00000230                EINT1_IRQHandler
                0x00000230                TIMER1_IRQHandler
                0x00000230                UART2_IRQHandler
                0x00000230                SSP1_IRQHandler
                0x00000230                BOD_IRQHandler
                0x00000230                PWM1_IRQHandler
                0x00000230                WDT_IRQHandler
                0x00000230                QEI_IRQHandler
                0x00000230                EINT0_IRQHandler
                0x00000230                ETH_IRQHandler
                0x00000230                CAN_IRQHandler
                0x00000230                TIMER2_IRQHandler
                0x00000230                UART3_IRQHandler
                0x00000230                MCPWM_IRQHandler
 *(.text*)
 .text.vApplicationTickHook
                0x00000238        0xc ./freeRTOS/src/FreeRTOSCommonHooks.o
                0x00000238                vApplicationTickHook
 .text.pvPortMalloc
                0x00000244       0x24 ./freeRTOS/src/heap_3.o
                0x00000244                pvPortMalloc
 .text.vPortFree
                0x00000268       0x24 ./freeRTOS/src/heap_3.o
                0x00000268                vPortFree
 .text.vListInitialise
                0x0000028c       0x40 ./freeRTOS/src/list.o
                0x0000028c                vListInitialise
 .text.vListInitialiseItem
                0x000002cc       0x18 ./freeRTOS/src/list.o
                0x000002cc                vListInitialiseItem
 .text.vListInsertEnd
                0x000002e4       0x48 ./freeRTOS/src/list.o
                0x000002e4                vListInsertEnd
 .text.vListInsert
                0x0000032c       0x70 ./freeRTOS/src/list.o
                0x0000032c                vListInsert
 .text.uxListRemove
                0x0000039c       0x54 ./freeRTOS/src/list.o
                0x0000039c                uxListRemove
 .text.pxPortInitialiseStack
                0x000003f0       0x58 ./freeRTOS/src/port.o
                0x000003f0                pxPortInitialiseStack
 .text.prvTaskExitError
                0x00000448       0x1c ./freeRTOS/src/port.o
 *fill*         0x00000464        0xc ff
 .text.SVC_Handler
                0x00000470       0x28 ./freeRTOS/src/port.o
                0x00000470                SVC_Handler
 .text.prvPortStartFirstTask
                0x00000498       0x20 ./freeRTOS/src/port.o
 .text.xPortStartScheduler
                0x000004b8       0x3c ./freeRTOS/src/port.o
                0x000004b8                xPortStartScheduler
 .text.vPortEnterCritical
                0x000004f4       0x30 ./freeRTOS/src/port.o
                0x000004f4                vPortEnterCritical
 .text.vPortExitCritical
                0x00000524       0x30 ./freeRTOS/src/port.o
                0x00000524                vPortExitCritical
 *fill*         0x00000554        0xc ff
 .text.PendSV_Handler
                0x00000560       0x48 ./freeRTOS/src/port.o
                0x00000560                PendSV_Handler
 .text.SysTick_Handler
                0x000005a8       0x40 ./freeRTOS/src/port.o
                0x000005a8                SysTick_Handler
 .text.vPortSuppressTicksAndSleep
                0x000005e8      0x184 ./freeRTOS/src/port.o
                0x000005e8                vPortSuppressTicksAndSleep
 .text.vPortSetupTimerInterrupt
                0x0000076c       0x78 ./freeRTOS/src/port.o
                0x0000076c                vPortSetupTimerInterrupt
 .text.xQueueGenericReset
                0x000007e4       0xb4 ./freeRTOS/src/queue.o
                0x000007e4                xQueueGenericReset
 .text.xQueueGenericCreate
                0x00000898       0x58 ./freeRTOS/src/queue.o
                0x00000898                xQueueGenericCreate
 .text.prvInitialiseNewQueue
                0x000008f0       0x48 ./freeRTOS/src/queue.o
 .text.xQueueGenericSend
                0x00000938      0x154 ./freeRTOS/src/queue.o
                0x00000938                xQueueGenericSend
 .text.xQueueGenericReceive
                0x00000a8c      0x1b0 ./freeRTOS/src/queue.o
                0x00000a8c                xQueueGenericReceive
 .text.prvCopyDataToQueue
                0x00000c3c       0xd4 ./freeRTOS/src/queue.o
 .text.prvCopyDataFromQueue
                0x00000d10       0x4c ./freeRTOS/src/queue.o
 .text.prvUnlockQueue
                0x00000d5c       0xa4 ./freeRTOS/src/queue.o
 .text.prvIsQueueEmpty
                0x00000e00       0x2c ./freeRTOS/src/queue.o
 .text.prvIsQueueFull
                0x00000e2c       0x30 ./freeRTOS/src/queue.o
 .text.xTaskCreate
                0x00000e5c       0x84 ./freeRTOS/src/tasks.o
                0x00000e5c                xTaskCreate
 .text.prvInitialiseNewTask
                0x00000ee0       0xf0 ./freeRTOS/src/tasks.o
 .text.prvAddNewTaskToReadyList
                0x00000fd0       0xdc ./freeRTOS/src/tasks.o
 .text.vTaskDelay
                0x000010ac       0x48 ./freeRTOS/src/tasks.o
                0x000010ac                vTaskDelay
 .text.vTaskStartScheduler
                0x000010f4       0x6c ./freeRTOS/src/tasks.o
                0x000010f4                vTaskStartScheduler
 .text.vTaskSuspendAll
                0x00001160       0x1c ./freeRTOS/src/tasks.o
                0x00001160                vTaskSuspendAll
 .text.prvGetExpectedIdleTime
                0x0000117c       0x74 ./freeRTOS/src/tasks.o
 .text.xTaskResumeAll
                0x000011f0      0x11c ./freeRTOS/src/tasks.o
                0x000011f0                xTaskResumeAll
 .text.vTaskStepTick
                0x0000130c       0x24 ./freeRTOS/src/tasks.o
                0x0000130c                vTaskStepTick
 .text.xTaskIncrementTick
                0x00001330      0x16c ./freeRTOS/src/tasks.o
                0x00001330                xTaskIncrementTick
 .text.vTaskSwitchContext
                0x0000149c       0x8c ./freeRTOS/src/tasks.o
                0x0000149c                vTaskSwitchContext
 .text.vTaskPlaceOnEventList
                0x00001528       0x2c ./freeRTOS/src/tasks.o
                0x00001528                vTaskPlaceOnEventList
 .text.xTaskRemoveFromEventList
                0x00001554       0xac ./freeRTOS/src/tasks.o
                0x00001554                xTaskRemoveFromEventList
 .text.vTaskSetTimeOutState
                0x00001600       0x2c ./freeRTOS/src/tasks.o
                0x00001600                vTaskSetTimeOutState
 .text.xTaskCheckForTimeOut
                0x0000162c       0x88 ./freeRTOS/src/tasks.o
                0x0000162c                xTaskCheckForTimeOut
 .text.vTaskMissedYield
                0x000016b4       0x18 ./freeRTOS/src/tasks.o
                0x000016b4                vTaskMissedYield
 .text.prvIdleTask
                0x000016cc       0x54 ./freeRTOS/src/tasks.o
 .text.eTaskConfirmSleepModeStatus
                0x00001720       0x5c ./freeRTOS/src/tasks.o
                0x00001720                eTaskConfirmSleepModeStatus
 .text.prvInitialiseTaskLists
                0x0000177c       0x80 ./freeRTOS/src/tasks.o
 .text.prvCheckTasksWaitingTermination
                0x000017fc       0x78 ./freeRTOS/src/tasks.o
 .text.prvDeleteTCB
                0x00001874       0x20 ./freeRTOS/src/tasks.o
 .text.prvResetNextTaskUnblockTime
                0x00001894       0x48 ./freeRTOS/src/tasks.o
 .text.vTaskPriorityInherit
                0x000018dc       0xec ./freeRTOS/src/tasks.o
                0x000018dc                vTaskPriorityInherit
 .text.xTaskPriorityDisinherit
                0x000019c8       0xc8 ./freeRTOS/src/tasks.o
                0x000019c8                xTaskPriorityDisinherit
 .text.pvTaskIncrementMutexHeldCount
                0x00001a90       0x28 ./freeRTOS/src/tasks.o
                0x00001a90                pvTaskIncrementMutexHeldCount
 .text.prvAddCurrentTaskToDelayedList
                0x00001ab8       0xcc ./freeRTOS/src/tasks.o
 .text.Chip_GPIO_SetPinState
                0x00001b84       0x68 ./Firmware/src/Main/main.o
 .text.Chip_GPIO_GetPinState
                0x00001bec       0x38 ./Firmware/src/Main/main.o
 .text.Chip_GPIO_SetPinOutHigh
                0x00001c24       0x2c ./Firmware/src/Main/main.o
 .text.Chip_GPIO_SetPinOutLow
                0x00001c50       0x2c ./Firmware/src/Main/main.o
 .text.Chip_GPIO_SetPinToggle
                0x00001c7c       0x4c ./Firmware/src/Main/main.o
 .text.vTask1   0x00001cc8       0x48 ./Firmware/src/Main/main.o
 .text.xTask2   0x00001d10       0x48 ./Firmware/src/Main/main.o
 .text.vTaskLectura
                0x00001d58       0xc0 ./Firmware/src/Main/main.o
 .text.xTaskEscritura
                0x00001e18       0x94 ./Firmware/src/Main/main.o
 .text.main     0x00001eac      0x158 ./Firmware/src/Main/main.o
                0x00001eac                main
 .text.SystemInit
                0x00002004       0x24 ./Firmware/src/Main/sysinit.o
                0x00002004                SystemInit
 .text.InitADC  0x00002028       0x24 ./Firmware/src/Driver/DriverADC.o
                0x00002028                InitADC
 .text.App_print_ADC_value
                0x0000204c       0x28 ./Firmware/src/Driver/DriverADC.o
                0x0000204c                App_print_ADC_value
 .text.Chip_GPIO_Init
                0x00002074       0x18 ./Firmware/src/Driver/DriverGPIO.o
 .text.Chip_GPIO_SetPinState
                0x0000208c       0x68 ./Firmware/src/Driver/DriverGPIO.o
 .text.Chip_GPIO_SetPinDIROutput
                0x000020f4       0x38 ./Firmware/src/Driver/DriverGPIO.o
 .text.Chip_GPIO_SetPinDIRInput
                0x0000212c       0x3c ./Firmware/src/Driver/DriverGPIO.o
 .text.Chip_GPIO_SetPinDIR
                0x00002168       0x44 ./Firmware/src/Driver/DriverGPIO.o
 .text.Chip_GPIO_SetDir
                0x000021ac       0x34 ./Firmware/src/Driver/DriverGPIO.o
 .text.InitGPIOs
                0x000021e0      0x3f4 ./Firmware/src/Driver/DriverGPIO.o
                0x000021e0                InitGPIOs
 .text.NVIC_DisableIRQ
                0x000025d4       0x34 ./Firmware/src/Driver/DriverIRQ.o
 .text.TIMER0_IRQHandler
                0x00002608        0xc ./Firmware/src/Driver/DriverIRQ.o
                0x00002608                TIMER0_IRQHandler
 .text.ADC_IRQHandler
                0x00002614       0x40 ./Firmware/src/Driver/DriverIRQ.o
                0x00002614                ADC_IRQHandler
 .text.DMA_IRQHandler
                0x00002654       0x38 ./Firmware/src/Driver/DriverIRQ.o
                0x00002654                DMA_IRQHandler
 .text.USB_IRQHandler
                0x0000268c       0x20 ./Firmware/src/Driver/DriverIRQ.o
                0x0000268c                USB_IRQHandler
 .text.InitRTC  0x000026ac        0xc ./Firmware/src/Driver/DriverRTC.o
                0x000026ac                InitRTC
 .text.InitUART0
                0x000026b8        0xc ./Firmware/src/Driver/DriverSerie.o
                0x000026b8                InitUART0
 .text.InitTFT  0x000026c4        0xc ./Firmware/src/Driver/DriverTFT.o
                0x000026c4                InitTFT
 .text.InitUSB  0x000026d0        0xc ./Firmware/src/Driver/DriverUSB.o
                0x000026d0                InitUSB
 .text.usb_pin_clk_init
                0x000026dc        0xc ./Firmware/src/Driver/DriverUSB.o
                0x000026dc                usb_pin_clk_init
 .text.Inicializar
                0x000026e8       0x24 ./Firmware/src/Driver/Init.o
                0x000026e8                Inicializar
 .text.getFullConvClk
                0x0000270c       0x10 C:\Users\unknown\Documents\LPCWorkspace\lpc_chip_175x_6x\Debug\liblpc_chip_175x_6x.a(adc_17xx_40xx.o)
 .text.getClkDiv
                0x0000271c       0x4c C:\Users\unknown\Documents\LPCWorkspace\lpc_chip_175x_6x\Debug\liblpc_chip_175x_6x.a(adc_17xx_40xx.o)
 .text.readAdcVal
                0x00002768       0x40 C:\Users\unknown\Documents\LPCWorkspace\lpc_chip_175x_6x\Debug\liblpc_chip_175x_6x.a(adc_17xx_40xx.o)
                0x00002768                readAdcVal
 .text.Chip_ADC_Init
                0x000027a8       0x74 C:\Users\unknown\Documents\LPCWorkspace\lpc_chip_175x_6x\Debug\liblpc_chip_175x_6x.a(adc_17xx_40xx.o)
                0x000027a8                Chip_ADC_Init
 .text.Chip_ADC_ReadValue
                0x0000281c       0x24 C:\Users\unknown\Documents\LPCWorkspace\lpc_chip_175x_6x\Debug\liblpc_chip_175x_6x.a(adc_17xx_40xx.o)
                0x0000281c                Chip_ADC_ReadValue
 .text.Chip_ADC_Int_SetChannelCmd
                0x00002840       0x48 C:\Users\unknown\Documents\LPCWorkspace\lpc_chip_175x_6x\Debug\liblpc_chip_175x_6x.a(adc_17xx_40xx.o)
                0x00002840                Chip_ADC_Int_SetChannelCmd
 .text.Chip_ADC_EnableChannel
                0x00002888       0x54 C:\Users\unknown\Documents\LPCWorkspace\lpc_chip_175x_6x\Debug\liblpc_chip_175x_6x.a(adc_17xx_40xx.o)
                0x00002888                Chip_ADC_EnableChannel
 .text.Chip_Clock_IsUSBPLLLocked
                0x000028dc       0x24 C:\Users\unknown\Documents\LPCWorkspace\lpc_chip_175x_6x\Debug\liblpc_chip_175x_6x.a(chip_17xx_40xx.o)
 .text.Chip_Clock_IsUSBPLLConnected
                0x00002900       0x24 C:\Users\unknown\Documents\LPCWorkspace\lpc_chip_175x_6x\Debug\liblpc_chip_175x_6x.a(chip_17xx_40xx.o)
 .text.SystemCoreClockUpdate
                0x00002924       0x18 C:\Users\unknown\Documents\LPCWorkspace\lpc_chip_175x_6x\Debug\liblpc_chip_175x_6x.a(chip_17xx_40xx.o)
                0x00002924                SystemCoreClockUpdate
 .text.Chip_USB_Init
                0x0000293c       0x4c C:\Users\unknown\Documents\LPCWorkspace\lpc_chip_175x_6x\Debug\liblpc_chip_175x_6x.a(chip_17xx_40xx.o)
                0x0000293c                Chip_USB_Init
 .text.Chip_Clock_IsMainPLLEnabled
                0x00002988       0x24 C:\Users\unknown\Documents\LPCWorkspace\lpc_chip_175x_6x\Debug\liblpc_chip_175x_6x.a(clock_17xx_40xx.o)
 .text.Chip_Clock_IsMainPLLConnected
                0x000029ac       0x24 C:\Users\unknown\Documents\LPCWorkspace\lpc_chip_175x_6x\Debug\liblpc_chip_175x_6x.a(clock_17xx_40xx.o)
 .text.Chip_Clock_FeedPLL
                0x000029d0       0x34 C:\Users\unknown\Documents\LPCWorkspace\lpc_chip_175x_6x\Debug\liblpc_chip_175x_6x.a(clock_17xx_40xx.o)
 .text.Chip_Clock_GetMainPLLSource
                0x00002a04       0x20 C:\Users\unknown\Documents\LPCWorkspace\lpc_chip_175x_6x\Debug\liblpc_chip_175x_6x.a(clock_17xx_40xx.o)
 .text.Chip_Clock_GetMainOscRate
                0x00002a24       0x14 C:\Users\unknown\Documents\LPCWorkspace\lpc_chip_175x_6x\Debug\liblpc_chip_175x_6x.a(clock_17xx_40xx.o)
 .text.Chip_Clock_GetIntOscRate
                0x00002a38       0x14 C:\Users\unknown\Documents\LPCWorkspace\lpc_chip_175x_6x\Debug\liblpc_chip_175x_6x.a(clock_17xx_40xx.o)
 .text.Chip_Clock_GetRTCOscRate
                0x00002a4c       0x14 C:\Users\unknown\Documents\LPCWorkspace\lpc_chip_175x_6x\Debug\liblpc_chip_175x_6x.a(clock_17xx_40xx.o)
 .text.Chip_Clock_GetMainPLLInClockRate
                0x00002a60       0x10 C:\Users\unknown\Documents\LPCWorkspace\lpc_chip_175x_6x\Debug\liblpc_chip_175x_6x.a(clock_17xx_40xx.o)
 .text.Chip_Clock_EnablePLL
                0x00002a70       0x44 C:\Users\unknown\Documents\LPCWorkspace\lpc_chip_175x_6x\Debug\liblpc_chip_175x_6x.a(clock_17xx_40xx.o)
                0x00002a70                Chip_Clock_EnablePLL
 .text.Chip_Clock_DisablePLL
                0x00002ab4       0x48 C:\Users\unknown\Documents\LPCWorkspace\lpc_chip_175x_6x\Debug\liblpc_chip_175x_6x.a(clock_17xx_40xx.o)
                0x00002ab4                Chip_Clock_DisablePLL
 .text.Chip_Clock_SetupPLL
                0x00002afc       0x5c C:\Users\unknown\Documents\LPCWorkspace\lpc_chip_175x_6x\Debug\liblpc_chip_175x_6x.a(clock_17xx_40xx.o)
                0x00002afc                Chip_Clock_SetupPLL
 .text.Chip_Clock_EnablePeriphClock
                0x00002b58       0x34 C:\Users\unknown\Documents\LPCWorkspace\lpc_chip_175x_6x\Debug\liblpc_chip_175x_6x.a(clock_17xx_40xx.o)
                0x00002b58                Chip_Clock_EnablePeriphClock
 .text.Chip_Clock_GetCPUClockSource
                0x00002b8c       0x24 C:\Users\unknown\Documents\LPCWorkspace\lpc_chip_175x_6x\Debug\liblpc_chip_175x_6x.a(clock_17xx_40xx.o)
                0x00002b8c                Chip_Clock_GetCPUClockSource
 .text.Chip_Clock_SetCPUClockDiv
                0x00002bb0       0x20 C:\Users\unknown\Documents\LPCWorkspace\lpc_chip_175x_6x\Debug\liblpc_chip_175x_6x.a(clock_17xx_40xx.o)
                0x00002bb0                Chip_Clock_SetCPUClockDiv
 .text.Chip_Clock_GetCPUClockDiv
                0x00002bd0       0x1c C:\Users\unknown\Documents\LPCWorkspace\lpc_chip_175x_6x\Debug\liblpc_chip_175x_6x.a(clock_17xx_40xx.o)
                0x00002bd0                Chip_Clock_GetCPUClockDiv
 .text.Chip_Clock_GetPCLKDiv
                0x00002bec       0x8c C:\Users\unknown\Documents\LPCWorkspace\lpc_chip_175x_6x\Debug\liblpc_chip_175x_6x.a(clock_17xx_40xx.o)
                0x00002bec                Chip_Clock_GetPCLKDiv
 .text.Chip_Clock_GetSYSCLKRate
                0x00002c78       0x34 C:\Users\unknown\Documents\LPCWorkspace\lpc_chip_175x_6x\Debug\liblpc_chip_175x_6x.a(clock_17xx_40xx.o)
                0x00002c78                Chip_Clock_GetSYSCLKRate
 .text.Chip_Clock_GetMainPLLOutClockRate
                0x00002cac       0x54 C:\Users\unknown\Documents\LPCWorkspace\lpc_chip_175x_6x\Debug\liblpc_chip_175x_6x.a(clock_17xx_40xx.o)
                0x00002cac                Chip_Clock_GetMainPLLOutClockRate
 .text.Chip_Clock_GetMainClockRate
                0x00002d00       0x28 C:\Users\unknown\Documents\LPCWorkspace\lpc_chip_175x_6x\Debug\liblpc_chip_175x_6x.a(clock_17xx_40xx.o)
                0x00002d00                Chip_Clock_GetMainClockRate
 .text.Chip_Clock_GetSystemClockRate
                0x00002d28       0x18 C:\Users\unknown\Documents\LPCWorkspace\lpc_chip_175x_6x\Debug\liblpc_chip_175x_6x.a(clock_17xx_40xx.o)
                0x00002d28                Chip_Clock_GetSystemClockRate
 .text.Chip_Clock_GetPeripheralClockRate
                0x00002d40       0x28 C:\Users\unknown\Documents\LPCWorkspace\lpc_chip_175x_6x\Debug\liblpc_chip_175x_6x.a(clock_17xx_40xx.o)
                0x00002d40                Chip_Clock_GetPeripheralClockRate
 .text.Chip_GPDMA_Interrupt
                0x00002d68       0x6c C:\Users\unknown\Documents\LPCWorkspace\lpc_chip_175x_6x\Debug\liblpc_chip_175x_6x.a(gpdma_17xx_40xx.o)
                0x00002d68                Chip_GPDMA_Interrupt
 .text.Chip_GPDMA_IntGetStatus
                0x00002dd4       0xbc C:\Users\unknown\Documents\LPCWorkspace\lpc_chip_175x_6x\Debug\liblpc_chip_175x_6x.a(gpdma_17xx_40xx.o)
                0x00002dd4                Chip_GPDMA_IntGetStatus
 .text.Chip_GPDMA_ClearIntPending
                0x00002e90       0x40 C:\Users\unknown\Documents\LPCWorkspace\lpc_chip_175x_6x\Debug\liblpc_chip_175x_6x.a(gpdma_17xx_40xx.o)
                0x00002e90                Chip_GPDMA_ClearIntPending
 .text.Chip_IOCON_PinMux
                0x00002ed0       0x94 C:\Users\unknown\Documents\LPCWorkspace\lpc_chip_175x_6x\Debug\liblpc_chip_175x_6x.a(iocon_17xx_40xx.o)
                0x00002ed0                Chip_IOCON_PinMux
 .text.Chip_Clock_IsMainPLLEnabled
                0x00002f64       0x24 C:\Users\unknown\Documents\LPCWorkspace\lpc_chip_175x_6x\Debug\liblpc_chip_175x_6x.a(sysinit_17xx_40xx.o)
 .text.Chip_Clock_IsMainPLLLocked
                0x00002f88       0x24 C:\Users\unknown\Documents\LPCWorkspace\lpc_chip_175x_6x\Debug\liblpc_chip_175x_6x.a(sysinit_17xx_40xx.o)
 .text.Chip_Clock_IsMainPLLConnected
                0x00002fac       0x24 C:\Users\unknown\Documents\LPCWorkspace\lpc_chip_175x_6x\Debug\liblpc_chip_175x_6x.a(sysinit_17xx_40xx.o)
 .text.Chip_Clock_SetMainPLLSource
                0x00002fd0       0x20 C:\Users\unknown\Documents\LPCWorkspace\lpc_chip_175x_6x\Debug\liblpc_chip_175x_6x.a(sysinit_17xx_40xx.o)
 .text.Chip_SetupIrcClocking
                0x00002ff0       0x6c C:\Users\unknown\Documents\LPCWorkspace\lpc_chip_175x_6x\Debug\liblpc_chip_175x_6x.a(sysinit_17xx_40xx.o)
                0x00002ff0                Chip_SetupIrcClocking
 .text.Chip_SystemInit
                0x0000305c        0xc C:\Users\unknown\Documents\LPCWorkspace\lpc_chip_175x_6x\Debug\liblpc_chip_175x_6x.a(sysinit_17xx_40xx.o)
                0x0000305c                Chip_SystemInit
 .text.__main   0x00003068       0x14 c:/nxp/lpcxpresso_8.2.2_650/lpcxpresso/tools/bin/../lib/gcc/arm-none-eabi/5.4.1/../../../../arm-none-eabi/lib/armv7-m\libcr_semihost.a(_cr__main.o)
                0x00003068                __CR_SEMIHOST
                0x00003068                __main
 .text.memcpy   0x0000307c        0x4 c:/nxp/lpcxpresso_8.2.2_650/lpcxpresso/tools/bin/../lib/gcc/arm-none-eabi/5.4.1/../../../../arm-none-eabi/lib/armv7-m\libcr_c.a(memcpy.o)
                0x0000307c                memcpy
 .text.memset   0x00003080        0x4 c:/nxp/lpcxpresso_8.2.2_650/lpcxpresso/tools/bin/../lib/gcc/arm-none-eabi/5.4.1/../../../../arm-none-eabi/lib/armv7-m\libcr_c.a(memset.o)
                0x00003080                memset
 .text.malloc   0x00003084       0xc8 c:/nxp/lpcxpresso_8.2.2_650/lpcxpresso/tools/bin/../lib/gcc/arm-none-eabi/5.4.1/../../../../arm-none-eabi/lib/armv7-m\libcr_c.a(alloc.o)
                0x00003084                malloc
 .text.free     0x0000314c       0x30 c:/nxp/lpcxpresso_8.2.2_650/lpcxpresso/tools/bin/../lib/gcc/arm-none-eabi/5.4.1/../../../../arm-none-eabi/lib/armv7-m\libcr_c.a(alloc.o)
                0x0000314c                free
 .text._Csys_alloc
                0x0000317c       0x20 c:/nxp/lpcxpresso_8.2.2_650/lpcxpresso/tools/bin/../lib/gcc/arm-none-eabi/5.4.1/../../../../arm-none-eabi/lib/armv7-m\libcr_c.a(alloc.o)
                0x0000317c                _Csys_alloc
 .text._initio  0x0000319c       0xa4 c:/nxp/lpcxpresso_8.2.2_650/lpcxpresso/tools/bin/../lib/gcc/arm-none-eabi/5.4.1/../../../../arm-none-eabi/lib/armv7-m\libcr_c.a(initio.o)
                0x0000319c                _initio
 .text.setvbuf  0x00003240       0x40 c:/nxp/lpcxpresso_8.2.2_650/lpcxpresso/tools/bin/../lib/gcc/arm-none-eabi/5.4.1/../../../../arm-none-eabi/lib/armv7-m\libcr_c.a(setvbuf.o)
                0x00003240                setvbuf
 .text._sbrk    0x00003280       0x40 c:/nxp/lpcxpresso_8.2.2_650/lpcxpresso/tools/bin/../lib/gcc/arm-none-eabi/5.4.1/../../../../arm-none-eabi/lib/armv7-m\libcr_c.a(_cr_sbrk.o)
                0x00003280                _sbrk
 .text._deferredlazyseek
                0x000032c0       0x44 c:/nxp/lpcxpresso_8.2.2_650/lpcxpresso/tools/bin/../lib/gcc/arm-none-eabi/5.4.1/../../../../arm-none-eabi/lib/armv7-m\libcr_c.a(_deferredlazyseek.o)
                0x000032c0                _deferredlazyseek
 .text._fdopen  0x00003304       0x6a c:/nxp/lpcxpresso_8.2.2_650/lpcxpresso/tools/bin/../lib/gcc/arm-none-eabi/5.4.1/../../../../arm-none-eabi/lib/armv7-m\libcr_c.a(_fdopen.o)
                0x00003304                _fdopen
 .text._fflush  0x0000336e       0x58 c:/nxp/lpcxpresso_8.2.2_650/lpcxpresso/tools/bin/../lib/gcc/arm-none-eabi/5.4.1/../../../../arm-none-eabi/lib/armv7-m\libcr_c.a(_fflush.o)
                0x0000336e                _fflush
 *fill*         0x000033c6        0x2 ff
 .text._Cwritebuf
                0x000033c8       0x68 c:/nxp/lpcxpresso_8.2.2_650/lpcxpresso/tools/bin/../lib/gcc/arm-none-eabi/5.4.1/../../../../arm-none-eabi/lib/armv7-m\libcr_c.a(_writebuf.o)
                0x000033c8                _Cwritebuf
 .text.fclose   0x00003430       0x6c c:/nxp/lpcxpresso_8.2.2_650/lpcxpresso/tools/bin/../lib/gcc/arm-none-eabi/5.4.1/../../../../arm-none-eabi/lib/armv7-m\libcr_c.a(fclose.o)
                0x00003430                fclose
 .text.fflush   0x0000349c       0x30 c:/nxp/lpcxpresso_8.2.2_650/lpcxpresso/tools/bin/../lib/gcc/arm-none-eabi/5.4.1/../../../../arm-none-eabi/lib/armv7-m\libcr_c.a(fflush.o)
                0x0000349c                fflush
 .text.fseek    0x000034cc      0x110 c:/nxp/lpcxpresso_8.2.2_650/lpcxpresso/tools/bin/../lib/gcc/arm-none-eabi/5.4.1/../../../../arm-none-eabi/lib/armv7-m\libcr_c.a(fseek.o)
                0x000034cc                fseek
 .text.ftell    0x000035dc       0x4c c:/nxp/lpcxpresso_8.2.2_650/lpcxpresso/tools/bin/../lib/gcc/arm-none-eabi/5.4.1/../../../../arm-none-eabi/lib/armv7-m\libcr_c.a(ftell.o)
                0x000035dc                ftell
 .text.remove   0x00003628       0x14 c:/nxp/lpcxpresso_8.2.2_650/lpcxpresso/tools/bin/../lib/gcc/arm-none-eabi/5.4.1/../../../../arm-none-eabi/lib/armv7-m\libcr_c.a(remove.o)
                0x00003628                remove
 .text.strlen   0x0000363c       0x4a c:/nxp/lpcxpresso_8.2.2_650/lpcxpresso/tools/bin/../lib/gcc/arm-none-eabi/5.4.1/../../../../arm-none-eabi/lib/armv7-m\libcr_c.a(strlen.o)
                0x0000363c                strlen
 *fill*         0x00003686        0x2 ff
 .text.__check_heap_overflow
                0x00003688       0x18 c:/nxp/lpcxpresso_8.2.2_650/lpcxpresso/tools/bin/../lib/gcc/arm-none-eabi/5.4.1/../../../../arm-none-eabi/lib/armv7-m\libcr_c.a(_cr_check_heap.o)
                0x00003688                __check_heap_overflow
 .text._do_fflush
                0x000036a0       0x44 c:/nxp/lpcxpresso_8.2.2_650/lpcxpresso/tools/bin/../lib/gcc/arm-none-eabi/5.4.1/../../../../arm-none-eabi/lib/armv7-m\libcr_c.a(_do_fflush.o)
                0x000036a0                _do_fflush
 .text.__aeabi_memcpy
                0x000036e4       0x34 c:/nxp/lpcxpresso_8.2.2_650/lpcxpresso/tools/bin/../lib/gcc/arm-none-eabi/5.4.1/armv7-m\libcr_eabihelpers.a(memcpy.o)
                0x000036e4                __aeabi_memcpy
                0x000036ee                __aeabi_memcpy8
                0x000036ee                __aeabi_memcpy4
 .text.__aeabi_memset_lowlevel
                0x00003718       0x32 c:/nxp/lpcxpresso_8.2.2_650/lpcxpresso/tools/bin/../lib/gcc/arm-none-eabi/5.4.1/armv7-m\libcr_eabihelpers.a(memcpy.o)
                0x00003718                __aeabi_lowlevel_memset
 *fill*         0x0000374a        0x2 ff
 .text.__sys_appexit
                0x0000374c        0xc c:/nxp/lpcxpresso_8.2.2_650/lpcxpresso/tools/bin/../lib/gcc/arm-none-eabi/5.4.1/../../../../arm-none-eabi/lib/armv7-m\libcr_semihost.a(__sys_appexit.o)
                0x0000374c                __sys_appexit
                0x0000374c                __exit
 .text.__sys_close
                0x00003758        0xc c:/nxp/lpcxpresso_8.2.2_650/lpcxpresso/tools/bin/../lib/gcc/arm-none-eabi/5.4.1/../../../../arm-none-eabi/lib/armv7-m\libcr_semihost.a(__sys_close.o)
                0x00003758                __sys_close
 .text.__sys_flen
                0x00003764        0xc c:/nxp/lpcxpresso_8.2.2_650/lpcxpresso/tools/bin/../lib/gcc/arm-none-eabi/5.4.1/../../../../arm-none-eabi/lib/armv7-m\libcr_semihost.a(__sys_flen.o)
                0x00003764                __sys_flen
 .text.__sys_istty
                0x00003770        0xc c:/nxp/lpcxpresso_8.2.2_650/lpcxpresso/tools/bin/../lib/gcc/arm-none-eabi/5.4.1/../../../../arm-none-eabi/lib/armv7-m\libcr_semihost.a(__sys_istty.o)
                0x00003770                __sys_istty
 .text.__sys_remove
                0x0000377c        0xc c:/nxp/lpcxpresso_8.2.2_650/lpcxpresso/tools/bin/../lib/gcc/arm-none-eabi/5.4.1/../../../../arm-none-eabi/lib/armv7-m\libcr_semihost.a(__sys_remove.o)
                0x0000377c                __sys_remove
 .text.__sys_seek
                0x00003788        0xc c:/nxp/lpcxpresso_8.2.2_650/lpcxpresso/tools/bin/../lib/gcc/arm-none-eabi/5.4.1/../../../../arm-none-eabi/lib/armv7-m\libcr_semihost.a(__sys_seek.o)
                0x00003788                __sys_seek
 .text.__sys_tmpnam
                0x00003794        0xc c:/nxp/lpcxpresso_8.2.2_650/lpcxpresso/tools/bin/../lib/gcc/arm-none-eabi/5.4.1/../../../../arm-none-eabi/lib/armv7-m\libcr_semihost.a(__sys_tmpnam.o)
                0x00003794                __sys_tmpnam
 .text.__sys_write
                0x000037a0        0xc c:/nxp/lpcxpresso_8.2.2_650/lpcxpresso/tools/bin/../lib/gcc/arm-none-eabi/5.4.1/../../../../arm-none-eabi/lib/armv7-m\libcr_semihost.a(__sys_write.o)
                0x000037a0                __sys_write
                0x000037a0                __write
 *(.rodata .rodata.* .constdata .constdata.*)
 .rodata        0x000037ac        0x5 ./freeRTOS/src/tasks.o
 *fill*         0x000037b1        0x3 ff
 .rodata        0x000037b4       0x2f ./Firmware/src/Main/main.o
 *fill*         0x000037e3        0x1 ff
 .rodata.OscRateIn
                0x000037e4        0x4 ./Firmware/src/Main/sysinit.o
                0x000037e4                OscRateIn
 .rodata.RTCOscRateIn
                0x000037e8        0x4 ./Firmware/src/Main/sysinit.o
                0x000037e8                RTCOscRateIn
 .rodata.g_usbApi
                0x000037ec       0x20 ./Firmware/src/Driver/DriverUSB.o
 .rodata.str1.1
                0x0000380c       0x18 c:/nxp/lpcxpresso_8.2.2_650/lpcxpresso/tools/bin/../lib/gcc/arm-none-eabi/5.4.1/../../../../arm-none-eabi/lib/armv7-m\libcr_c.a(alloc.o)
 .rodata.str1.1
                0x00003824        0x4 c:/nxp/lpcxpresso_8.2.2_650/lpcxpresso/tools/bin/../lib/gcc/arm-none-eabi/5.4.1/../../../../arm-none-eabi/lib/armv7-m\libcr_c.a(initio.o)
                0x00003828                . = ALIGN (0x4)

.glue_7         0x00003828        0x0
 .glue_7        0x00003828        0x0 linker stubs

.glue_7t        0x00003828        0x0
 .glue_7t       0x00003828        0x0 linker stubs

.vfp11_veneer   0x00003828        0x0
 .vfp11_veneer  0x00003828        0x0 linker stubs

.v4_bx          0x00003828        0x0
 .v4_bx         0x00003828        0x0 linker stubs

.iplt           0x00003828        0x0
 .iplt          0x00003828        0x0 ./freeRTOS/src/FreeRTOSCommonHooks.o

.rel.dyn        0x00003828        0x0
 .rel.iplt      0x00003828        0x0 ./freeRTOS/src/FreeRTOSCommonHooks.o

.ARM.extab
 *(.ARM.extab* .gnu.linkonce.armextab.*)
                0x00003828                __exidx_start = .

.ARM.exidx
 *(.ARM.exidx* .gnu.linkonce.armexidx.*)
                0x00003828                __exidx_end = .
                0x00003828                _etext = .

.data_RAM2      0x2007c000        0x0 load address 0x00003828
 FILL mask 0xff
                [!provide]                PROVIDE (__start_data_RAM2, .)
 *(.ramfunc.$RAM2)
 *(.ramfunc.$RamAHB32)
 *(.data.$RAM2*)
 *(.data.$RamAHB32*)
                0x2007c000                . = ALIGN (0x4)
                [!provide]                PROVIDE (__end_data_RAM2, .)

.uninit_RESERVED
                0x10000000        0x0
 *(.bss.$RESERVED*)
                0x10000000                . = ALIGN (0x4)
                0x10000000                _end_uninit_RESERVED = .

.data           0x10000000        0x8 load address 0x00003828
 FILL mask 0xff
                0x10000000                _data = .
 *(vtable)
 *(.ramfunc*)
 *(.data*)
 .data.uxCriticalNesting
                0x10000000        0x4 ./freeRTOS/src/port.o
 .data.g_pUsbApi
                0x10000004        0x4 ./Firmware/src/Driver/DriverUSB.o
                0x10000004                g_pUsbApi
                0x10000008                . = ALIGN (0x4)
                0x10000008                _edata = .

.igot.plt       0x10000008        0x0 load address 0x00003830
 .igot.plt      0x10000008        0x0 ./freeRTOS/src/FreeRTOSCommonHooks.o

.bss_RAM2       0x2007c000        0x0
                [!provide]                PROVIDE (__start_bss_RAM2, .)
 *(.bss.$RAM2*)
 *(.bss.$RamAHB32*)
                0x2007c000                . = ALIGN ((. != 0x0)?0x4:0x1)
                [!provide]                PROVIDE (__end_bss_RAM2, .)

.bss            0x10000008      0x318
                0x10000008                _bss = .
 *(.bss*)
 .bss.ulTimerCountsForOneTick
                0x10000008        0x4 ./freeRTOS/src/port.o
 .bss.xMaximumPossibleSuppressedTicks
                0x1000000c        0x4 ./freeRTOS/src/port.o
 .bss.ulStoppedTimerCompensation
                0x10000010        0x4 ./freeRTOS/src/port.o
 .bss.pxCurrentTCB
                0x10000014        0x4 ./freeRTOS/src/tasks.o
                0x10000014                pxCurrentTCB
 .bss.pxReadyTasksLists
                0x10000018       0x64 ./freeRTOS/src/tasks.o
 .bss.xDelayedTaskList1
                0x1000007c       0x14 ./freeRTOS/src/tasks.o
 .bss.xDelayedTaskList2
                0x10000090       0x14 ./freeRTOS/src/tasks.o
 .bss.pxDelayedTaskList
                0x100000a4        0x4 ./freeRTOS/src/tasks.o
 .bss.pxOverflowDelayedTaskList
                0x100000a8        0x4 ./freeRTOS/src/tasks.o
 .bss.xPendingReadyList
                0x100000ac       0x14 ./freeRTOS/src/tasks.o
 .bss.xTasksWaitingTermination
                0x100000c0       0x14 ./freeRTOS/src/tasks.o
 .bss.uxDeletedTasksWaitingCleanUp
                0x100000d4        0x4 ./freeRTOS/src/tasks.o
 .bss.xSuspendedTaskList
                0x100000d8       0x14 ./freeRTOS/src/tasks.o
 .bss.uxCurrentNumberOfTasks
                0x100000ec        0x4 ./freeRTOS/src/tasks.o
 .bss.xTickCount
                0x100000f0        0x4 ./freeRTOS/src/tasks.o
 .bss.uxTopReadyPriority
                0x100000f4        0x4 ./freeRTOS/src/tasks.o
 .bss.xSchedulerRunning
                0x100000f8        0x4 ./freeRTOS/src/tasks.o
 .bss.uxPendedTicks
                0x100000fc        0x4 ./freeRTOS/src/tasks.o
 .bss.xYieldPending
                0x10000100        0x4 ./freeRTOS/src/tasks.o
 .bss.xNumOfOverflows
                0x10000104        0x4 ./freeRTOS/src/tasks.o
 .bss.uxTaskNumber
                0x10000108        0x4 ./freeRTOS/src/tasks.o
 .bss.xNextTaskUnblockTime
                0x1000010c        0x4 ./freeRTOS/src/tasks.o
 .bss.xIdleTaskHandle
                0x10000110        0x4 ./freeRTOS/src/tasks.o
 .bss.uxSchedulerSuspended
                0x10000114        0x4 ./freeRTOS/src/tasks.o
 .bss.Semaforo_1
                0x10000118        0x4 ./Firmware/src/Main/main.o
                0x10000118                Semaforo_1
 .bss.Semaforo_2
                0x1000011c        0x4 ./Firmware/src/Main/main.o
                0x1000011c                Semaforo_2
 .bss.Handle_Tarea_Lectura
                0x10000120        0x4 ./Firmware/src/Main/main.o
                0x10000120                Handle_Tarea_Lectura
 .bss.Handle_Tarea_Escritura
                0x10000124        0x4 ./Firmware/src/Main/main.o
                0x10000124                Handle_Tarea_Escritura
 .bss.Cola_1    0x10000128        0x4 ./Firmware/src/Main/main.o
                0x10000128                Cola_1
 .bss.Cola_2    0x1000012c        0x4 ./Firmware/src/Main/main.o
                0x1000012c                Cola_2
 .bss.LED_Struct
                0x10000130        0x8 ./Firmware/src/Main/main.o
                0x10000130                LED_Struct
 .bss.ADCSetup  0x10000138        0x8 ./Firmware/src/Driver/DriverADC.o
 .bss.ADC_Interrupt_Done_Flag
                0x10000140        0x1 ./Firmware/src/Driver/DriverIRQ.o
 .bss.channelTC
                0x10000141        0x1 ./Firmware/src/Driver/DriverIRQ.o
 .bss.dmaChannelNum
                0x10000142        0x1 ./Firmware/src/Driver/DriverIRQ.o
 *fill*         0x10000143        0x1 
 .bss.g_hUsb    0x10000144        0x4 ./Firmware/src/Driver/DriverUSB.o
                0x10000144                g_hUsb
 .bss.hw_api    0x10000148       0x5c ./Firmware/src/Driver/DriverUSB.o
                0x10000148                hw_api
 .bss.core_api  0x100001a4       0x20 ./Firmware/src/Driver/DriverUSB.o
                0x100001a4                core_api
 .bss.hid_api   0x100001c4        0x8 ./Firmware/src/Driver/DriverUSB.o
                0x100001c4                hid_api
 .bss._extra    0x100001cc        0x4 c:/nxp/lpcxpresso_8.2.2_650/lpcxpresso/tools/bin/../lib/gcc/arm-none-eabi/5.4.1/../../../../arm-none-eabi/lib/armv7-m\libcr_c.a(initio.o)
                0x100001cc                _extra
 .bss.__Ciob    0x100001d0      0x140 c:/nxp/lpcxpresso_8.2.2_650/lpcxpresso/tools/bin/../lib/gcc/arm-none-eabi/5.4.1/../../../../arm-none-eabi/lib/armv7-m\libcr_c.a(stdio.o)
                0x100001d0                __Ciob
 .bss.__heaps   0x10000310        0x4 c:/nxp/lpcxpresso_8.2.2_650/lpcxpresso/tools/bin/../lib/gcc/arm-none-eabi/5.4.1/../../../../arm-none-eabi/lib/armv7-m\libcr_c.a(__init_alloc.o)
                0x10000310                __heaps
 .bss.__end_of_heap
                0x10000314        0x4 c:/nxp/lpcxpresso_8.2.2_650/lpcxpresso/tools/bin/../lib/gcc/arm-none-eabi/5.4.1/../../../../arm-none-eabi/lib/armv7-m\libcr_c.a(__init_alloc.o)
                0x10000314                __end_of_heap
 .bss.errno     0x10000318        0x4 c:/nxp/lpcxpresso_8.2.2_650/lpcxpresso/tools/bin/../lib/gcc/arm-none-eabi/5.4.1/../../../../arm-none-eabi/lib/armv7-m\libcr_c.a(errno.o)
                0x10000318                errno
 *(COMMON)
 COMMON         0x1000031c        0x4 C:\Users\unknown\Documents\LPCWorkspace\lpc_chip_175x_6x\Debug\liblpc_chip_175x_6x.a(chip_17xx_40xx.o)
                0x1000031c                SystemCoreClock
                0x10000320                . = ALIGN (0x4)
                0x10000320                _ebss = .
                [!provide]                PROVIDE (end, .)

.noinit_RAM2    0x2007c000        0x0
 *(.noinit.$RAM2*)
 *(.noinit.$RamAHB32*)
                0x2007c000                . = ALIGN (0x4)

.noinit         0x10000320        0x0
                0x10000320                _noinit = .
 *(.noinit*)
                0x10000320                . = ALIGN (0x4)
                0x10000320                _end_noinit = .
                0x10000320                PROVIDE (_pvHeapStart, DEFINED (__user_heap_base)?__user_heap_base:.)
                0x10008000                PROVIDE (_vStackTop, DEFINED (__user_stack_top)?__user_stack_top:(__top_RamLoc32 - 0x0))
                0xefff74b2                PROVIDE (__valid_user_code_checksum, (0x0 - ((((((_vStackTop + (ResetISR + 0x1)) + (NMI_Handler + 0x1)) + (HardFault_Handler + 0x1)) + (DEFINED (MemManage_Handler)?MemManage_Handler:0x0 + 0x1)) + (DEFINED (BusFault_Handler)?BusFault_Handler:0x0 + 0x1)) + (DEFINED (UsageFault_Handler)?UsageFault_Handler:0x0 + 0x1))))
OUTPUT(Cafetera v1.00.axf elf32-littlearm)

.debug_info     0x00000000     0xd062
 .debug_info    0x00000000      0x222 ./freeRTOS/src/FreeRTOSCommonHooks.o
 .debug_info    0x00000222       0xe7 ./freeRTOS/src/heap_3.o
 .debug_info    0x00000309      0x296 ./freeRTOS/src/list.o
 .debug_info    0x0000059f      0x3b6 ./freeRTOS/src/port.o
 .debug_info    0x00000955      0xf1c ./freeRTOS/src/queue.o
 .debug_info    0x00001871     0x1972 ./freeRTOS/src/tasks.o
 .debug_info    0x000031e3      0x253 ./Firmware/src/Main/cr_startup_lpc175x_6x.o
 .debug_info    0x00003436     0x18b8 ./Firmware/src/Main/main.o
 .debug_info    0x00004cee      0x1c1 ./Firmware/src/Main/sysinit.o
 .debug_info    0x00004eaf      0x3b4 ./Firmware/src/Driver/DriverADC.o
 .debug_info    0x00005263      0x470 ./Firmware/src/Driver/DriverGPIO.o
 .debug_info    0x000056d3     0x1afe ./Firmware/src/Driver/DriverIRQ.o
 .debug_info    0x000071d1       0x3b ./Firmware/src/Driver/DriverRTC.o
 .debug_info    0x0000720c       0x3b ./Firmware/src/Driver/DriverSerie.o
 .debug_info    0x00007247       0x3b ./Firmware/src/Driver/DriverTFT.o
 .debug_info    0x00007282     0x1593 ./Firmware/src/Driver/DriverUSB.o
 .debug_info    0x00008815     0x14fb ./Firmware/src/Driver/Init.o
 .debug_info    0x00009d10      0x88d C:\Users\unknown\Documents\LPCWorkspace\lpc_chip_175x_6x\Debug\liblpc_chip_175x_6x.a(adc_17xx_40xx.o)
 .debug_info    0x0000a59d      0x51e C:\Users\unknown\Documents\LPCWorkspace\lpc_chip_175x_6x\Debug\liblpc_chip_175x_6x.a(chip_17xx_40xx.o)
 .debug_info    0x0000aabb      0xb62 C:\Users\unknown\Documents\LPCWorkspace\lpc_chip_175x_6x\Debug\liblpc_chip_175x_6x.a(clock_17xx_40xx.o)
 .debug_info    0x0000b61d     0x1323 C:\Users\unknown\Documents\LPCWorkspace\lpc_chip_175x_6x\Debug\liblpc_chip_175x_6x.a(gpdma_17xx_40xx.o)
 .debug_info    0x0000c940      0x2e9 C:\Users\unknown\Documents\LPCWorkspace\lpc_chip_175x_6x\Debug\liblpc_chip_175x_6x.a(iocon_17xx_40xx.o)
 .debug_info    0x0000cc29      0x439 C:\Users\unknown\Documents\LPCWorkspace\lpc_chip_175x_6x\Debug\liblpc_chip_175x_6x.a(sysinit_17xx_40xx.o)

.debug_abbrev   0x00000000     0x2210
 .debug_abbrev  0x00000000      0x168 ./freeRTOS/src/FreeRTOSCommonHooks.o
 .debug_abbrev  0x00000168       0xa2 ./freeRTOS/src/heap_3.o
 .debug_abbrev  0x0000020a       0xc1 ./freeRTOS/src/list.o
 .debug_abbrev  0x000002cb      0x20d ./freeRTOS/src/port.o
 .debug_abbrev  0x000004d8      0x216 ./freeRTOS/src/queue.o
 .debug_abbrev  0x000006ee      0x2bd ./freeRTOS/src/tasks.o
 .debug_abbrev  0x000009ab       0xf5 ./Firmware/src/Main/cr_startup_lpc175x_6x.o
 .debug_abbrev  0x00000aa0      0x291 ./Firmware/src/Main/main.o
 .debug_abbrev  0x00000d31       0xcc ./Firmware/src/Main/sysinit.o
 .debug_abbrev  0x00000dfd      0x167 ./Firmware/src/Driver/DriverADC.o
 .debug_abbrev  0x00000f64      0x130 ./Firmware/src/Driver/DriverGPIO.o
 .debug_abbrev  0x00001094      0x264 ./Firmware/src/Driver/DriverIRQ.o
 .debug_abbrev  0x000012f8       0x2f ./Firmware/src/Driver/DriverRTC.o
 .debug_abbrev  0x00001327       0x2f ./Firmware/src/Driver/DriverSerie.o
 .debug_abbrev  0x00001356       0x2f ./Firmware/src/Driver/DriverTFT.o
 .debug_abbrev  0x00001385      0x1e8 ./Firmware/src/Driver/DriverUSB.o
 .debug_abbrev  0x0000156d      0x1aa ./Firmware/src/Driver/Init.o
 .debug_abbrev  0x00001717      0x1bc C:\Users\unknown\Documents\LPCWorkspace\lpc_chip_175x_6x\Debug\liblpc_chip_175x_6x.a(adc_17xx_40xx.o)
 .debug_abbrev  0x000018d3      0x13c C:\Users\unknown\Documents\LPCWorkspace\lpc_chip_175x_6x\Debug\liblpc_chip_175x_6x.a(chip_17xx_40xx.o)
 .debug_abbrev  0x00001a0f      0x2ec C:\Users\unknown\Documents\LPCWorkspace\lpc_chip_175x_6x\Debug\liblpc_chip_175x_6x.a(clock_17xx_40xx.o)
 .debug_abbrev  0x00001cfb      0x27a C:\Users\unknown\Documents\LPCWorkspace\lpc_chip_175x_6x\Debug\liblpc_chip_175x_6x.a(gpdma_17xx_40xx.o)
 .debug_abbrev  0x00001f75      0x126 C:\Users\unknown\Documents\LPCWorkspace\lpc_chip_175x_6x\Debug\liblpc_chip_175x_6x.a(iocon_17xx_40xx.o)
 .debug_abbrev  0x0000209b      0x175 C:\Users\unknown\Documents\LPCWorkspace\lpc_chip_175x_6x\Debug\liblpc_chip_175x_6x.a(sysinit_17xx_40xx.o)

.debug_aranges  0x00000000      0x9a0
 .debug_aranges
                0x00000000       0x40 ./freeRTOS/src/FreeRTOSCommonHooks.o
 .debug_aranges
                0x00000040       0x28 ./freeRTOS/src/heap_3.o
 .debug_aranges
                0x00000068       0x40 ./freeRTOS/src/list.o
 .debug_aranges
                0x000000a8       0x78 ./freeRTOS/src/port.o
 .debug_aranges
                0x00000120      0x110 ./freeRTOS/src/queue.o
 .debug_aranges
                0x00000230      0x1e8 ./freeRTOS/src/tasks.o
 .debug_aranges
                0x00000418       0x80 ./Firmware/src/Main/cr_startup_lpc175x_6x.o
 .debug_aranges
                0x00000498       0x68 ./Firmware/src/Main/main.o
 .debug_aranges
                0x00000500       0x20 ./Firmware/src/Main/sysinit.o
 .debug_aranges
                0x00000520       0x30 ./Firmware/src/Driver/DriverADC.o
 .debug_aranges
                0x00000550       0x50 ./Firmware/src/Driver/DriverGPIO.o
 .debug_aranges
                0x000005a0       0x50 ./Firmware/src/Driver/DriverIRQ.o
 .debug_aranges
                0x000005f0       0x20 ./Firmware/src/Driver/DriverRTC.o
 .debug_aranges
                0x00000610       0x20 ./Firmware/src/Driver/DriverSerie.o
 .debug_aranges
                0x00000630       0x20 ./Firmware/src/Driver/DriverTFT.o
 .debug_aranges
                0x00000650       0x30 ./Firmware/src/Driver/DriverUSB.o
 .debug_aranges
                0x00000680       0x20 ./Firmware/src/Driver/Init.o
 .debug_aranges
                0x000006a0       0x88 C:\Users\unknown\Documents\LPCWorkspace\lpc_chip_175x_6x\Debug\liblpc_chip_175x_6x.a(adc_17xx_40xx.o)
 .debug_aranges
                0x00000728       0x38 C:\Users\unknown\Documents\LPCWorkspace\lpc_chip_175x_6x\Debug\liblpc_chip_175x_6x.a(chip_17xx_40xx.o)
 .debug_aranges
                0x00000760      0x120 C:\Users\unknown\Documents\LPCWorkspace\lpc_chip_175x_6x\Debug\liblpc_chip_175x_6x.a(clock_17xx_40xx.o)
 .debug_aranges
                0x00000880       0x90 C:\Users\unknown\Documents\LPCWorkspace\lpc_chip_175x_6x\Debug\liblpc_chip_175x_6x.a(gpdma_17xx_40xx.o)
 .debug_aranges
                0x00000910       0x30 C:\Users\unknown\Documents\LPCWorkspace\lpc_chip_175x_6x\Debug\liblpc_chip_175x_6x.a(iocon_17xx_40xx.o)
 .debug_aranges
                0x00000940       0x60 C:\Users\unknown\Documents\LPCWorkspace\lpc_chip_175x_6x\Debug\liblpc_chip_175x_6x.a(sysinit_17xx_40xx.o)

.debug_ranges   0x00000000      0x830
 .debug_ranges  0x00000000       0x30 ./freeRTOS/src/FreeRTOSCommonHooks.o
 .debug_ranges  0x00000030       0x18 ./freeRTOS/src/heap_3.o
 .debug_ranges  0x00000048       0x30 ./freeRTOS/src/list.o
 .debug_ranges  0x00000078       0x68 ./freeRTOS/src/port.o
 .debug_ranges  0x000000e0      0x100 ./freeRTOS/src/queue.o
 .debug_ranges  0x000001e0      0x1d8 ./freeRTOS/src/tasks.o
 .debug_ranges  0x000003b8       0x70 ./Firmware/src/Main/cr_startup_lpc175x_6x.o
 .debug_ranges  0x00000428       0x58 ./Firmware/src/Main/main.o
 .debug_ranges  0x00000480       0x10 ./Firmware/src/Main/sysinit.o
 .debug_ranges  0x00000490       0x20 ./Firmware/src/Driver/DriverADC.o
 .debug_ranges  0x000004b0       0x40 ./Firmware/src/Driver/DriverGPIO.o
 .debug_ranges  0x000004f0       0x40 ./Firmware/src/Driver/DriverIRQ.o
 .debug_ranges  0x00000530       0x10 ./Firmware/src/Driver/DriverRTC.o
 .debug_ranges  0x00000540       0x10 ./Firmware/src/Driver/DriverSerie.o
 .debug_ranges  0x00000550       0x10 ./Firmware/src/Driver/DriverTFT.o
 .debug_ranges  0x00000560       0x20 ./Firmware/src/Driver/DriverUSB.o
 .debug_ranges  0x00000580       0x10 ./Firmware/src/Driver/Init.o
 .debug_ranges  0x00000590       0x78 C:\Users\unknown\Documents\LPCWorkspace\lpc_chip_175x_6x\Debug\liblpc_chip_175x_6x.a(adc_17xx_40xx.o)
 .debug_ranges  0x00000608       0x28 C:\Users\unknown\Documents\LPCWorkspace\lpc_chip_175x_6x\Debug\liblpc_chip_175x_6x.a(chip_17xx_40xx.o)
 .debug_ranges  0x00000630      0x110 C:\Users\unknown\Documents\LPCWorkspace\lpc_chip_175x_6x\Debug\liblpc_chip_175x_6x.a(clock_17xx_40xx.o)
 .debug_ranges  0x00000740       0x80 C:\Users\unknown\Documents\LPCWorkspace\lpc_chip_175x_6x\Debug\liblpc_chip_175x_6x.a(gpdma_17xx_40xx.o)
 .debug_ranges  0x000007c0       0x20 C:\Users\unknown\Documents\LPCWorkspace\lpc_chip_175x_6x\Debug\liblpc_chip_175x_6x.a(iocon_17xx_40xx.o)
 .debug_ranges  0x000007e0       0x50 C:\Users\unknown\Documents\LPCWorkspace\lpc_chip_175x_6x\Debug\liblpc_chip_175x_6x.a(sysinit_17xx_40xx.o)

.debug_macro    0x00000000     0x8419
 .debug_macro   0x00000000      0x24f ./freeRTOS/src/FreeRTOSCommonHooks.o
 .debug_macro   0x0000024f      0x898 ./freeRTOS/src/FreeRTOSCommonHooks.o
 .debug_macro   0x00000ae7       0x10 ./freeRTOS/src/FreeRTOSCommonHooks.o
 .debug_macro   0x00000af7      0x12d ./freeRTOS/src/FreeRTOSCommonHooks.o
 .debug_macro   0x00000c24       0x16 ./freeRTOS/src/FreeRTOSCommonHooks.o
 .debug_macro   0x00000c3a      0x5b2 ./freeRTOS/src/FreeRTOSCommonHooks.o
 .debug_macro   0x000011ec       0xe8 ./freeRTOS/src/FreeRTOSCommonHooks.o
 .debug_macro   0x000012d4      0x168 ./freeRTOS/src/FreeRTOSCommonHooks.o
 .debug_macro   0x0000143c       0xe4 ./freeRTOS/src/FreeRTOSCommonHooks.o
 .debug_macro   0x00001520       0x10 ./freeRTOS/src/FreeRTOSCommonHooks.o
 .debug_macro   0x00001530       0x1f ./freeRTOS/src/FreeRTOSCommonHooks.o
 .debug_macro   0x0000154f      0x3f3 ./freeRTOS/src/FreeRTOSCommonHooks.o
 .debug_macro   0x00001942       0xc0 ./freeRTOS/src/FreeRTOSCommonHooks.o
 .debug_macro   0x00001a02       0x8c ./freeRTOS/src/FreeRTOSCommonHooks.o
 .debug_macro   0x00001a8e       0x22 ./freeRTOS/src/FreeRTOSCommonHooks.o
 .debug_macro   0x00001ab0       0x74 ./freeRTOS/src/FreeRTOSCommonHooks.o
 .debug_macro   0x00001b24       0x10 ./freeRTOS/src/FreeRTOSCommonHooks.o
 .debug_macro   0x00001b34       0x2d ./freeRTOS/src/FreeRTOSCommonHooks.o
 .debug_macro   0x00001b61       0x3a ./freeRTOS/src/FreeRTOSCommonHooks.o
 .debug_macro   0x00001b9b       0x2d ./freeRTOS/src/FreeRTOSCommonHooks.o
 .debug_macro   0x00001bc8      0xbb1 ./freeRTOS/src/FreeRTOSCommonHooks.o
 .debug_macro   0x00002779      0x22c ./freeRTOS/src/FreeRTOSCommonHooks.o
 .debug_macro   0x000029a5       0x42 ./freeRTOS/src/FreeRTOSCommonHooks.o
 .debug_macro   0x000029e7       0x52 ./freeRTOS/src/FreeRTOSCommonHooks.o
 .debug_macro   0x00002a39       0x78 ./freeRTOS/src/FreeRTOSCommonHooks.o
 .debug_macro   0x00002ab1       0x82 ./freeRTOS/src/FreeRTOSCommonHooks.o
 .debug_macro   0x00002b33      0x48c ./freeRTOS/src/FreeRTOSCommonHooks.o
 .debug_macro   0x00002fbf       0x34 ./freeRTOS/src/FreeRTOSCommonHooks.o
 .debug_macro   0x00002ff3      0x4c5 ./freeRTOS/src/FreeRTOSCommonHooks.o
 .debug_macro   0x000034b8      0x1b7 ./freeRTOS/src/FreeRTOSCommonHooks.o
 .debug_macro   0x0000366f       0x10 ./freeRTOS/src/FreeRTOSCommonHooks.o
 .debug_macro   0x0000367f      0x21b ./freeRTOS/src/FreeRTOSCommonHooks.o
 .debug_macro   0x0000389a      0x1b9 ./freeRTOS/src/FreeRTOSCommonHooks.o
 .debug_macro   0x00003a53       0x40 ./freeRTOS/src/FreeRTOSCommonHooks.o
 .debug_macro   0x00003a93       0x22 ./freeRTOS/src/FreeRTOSCommonHooks.o
 .debug_macro   0x00003ab5      0x162 ./freeRTOS/src/FreeRTOSCommonHooks.o
 .debug_macro   0x00003c17       0x94 ./freeRTOS/src/FreeRTOSCommonHooks.o
 .debug_macro   0x00003cab       0xb8 ./freeRTOS/src/FreeRTOSCommonHooks.o
 .debug_macro   0x00003d63       0x4c ./freeRTOS/src/FreeRTOSCommonHooks.o
 .debug_macro   0x00003daf       0x16 ./freeRTOS/src/FreeRTOSCommonHooks.o
 .debug_macro   0x00003dc5      0x328 ./freeRTOS/src/FreeRTOSCommonHooks.o
 .debug_macro   0x000040ed       0x49 ./freeRTOS/src/FreeRTOSCommonHooks.o
 .debug_macro   0x00004136       0x16 ./freeRTOS/src/FreeRTOSCommonHooks.o
 .debug_macro   0x0000414c       0xca ./freeRTOS/src/FreeRTOSCommonHooks.o
 .debug_macro   0x00004216       0x11 ./freeRTOS/src/FreeRTOSCommonHooks.o
 .debug_macro   0x00004227       0xd4 ./freeRTOS/src/heap_3.o
 .debug_macro   0x000042fb       0xb9 ./freeRTOS/src/list.o
 .debug_macro   0x000043b4      0x159 ./freeRTOS/src/port.o
 .debug_macro   0x0000450d      0x122 ./freeRTOS/src/queue.o
 .debug_macro   0x0000462f       0x94 ./freeRTOS/src/queue.o
 .debug_macro   0x000046c3      0x185 ./freeRTOS/src/tasks.o
 .debug_macro   0x00004848       0x11 ./freeRTOS/src/tasks.o
 .debug_macro   0x00004859       0x1d ./Firmware/src/Main/cr_startup_lpc175x_6x.o
 .debug_macro   0x00004876      0x3e7 ./Firmware/src/Main/main.o
 .debug_macro   0x00004c5d       0x10 ./Firmware/src/Main/main.o
 .debug_macro   0x00004c6d       0xe8 ./Firmware/src/Main/main.o
 .debug_macro   0x00004d55       0x78 ./Firmware/src/Main/main.o
 .debug_macro   0x00004dcd       0x82 ./Firmware/src/Main/main.o
 .debug_macro   0x00004e4f       0x22 ./Firmware/src/Main/main.o
 .debug_macro   0x00004e71      0x27b ./Firmware/src/Main/main.o
 .debug_macro   0x000050ec      0x26c ./Firmware/src/Main/main.o
 .debug_macro   0x00005358       0x46 ./Firmware/src/Main/main.o
 .debug_macro   0x0000539e       0x12 ./Firmware/src/Main/main.o
 .debug_macro   0x000053b0       0xfa ./Firmware/src/Main/main.o
 .debug_macro   0x000054aa       0xee ./Firmware/src/Main/main.o
 .debug_macro   0x00005598      0x693 ./Firmware/src/Main/main.o
 .debug_macro   0x00005c2b      0x272 ./Firmware/src/Main/main.o
 .debug_macro   0x00005e9d       0x10 ./Firmware/src/Main/main.o
 .debug_macro   0x00005ead       0x6a ./Firmware/src/Main/main.o
 .debug_macro   0x00005f17      0x1cd ./Firmware/src/Main/sysinit.o
 .debug_macro   0x000060e4      0x1dc ./Firmware/src/Driver/DriverADC.o
 .debug_macro   0x000062c0       0x1c ./Firmware/src/Driver/DriverADC.o
 .debug_macro   0x000062dc      0x1dc ./Firmware/src/Driver/DriverGPIO.o
 .debug_macro   0x000064b8      0x275 ./Firmware/src/Driver/DriverGPIO.o
 .debug_macro   0x0000672d      0x359 ./Firmware/src/Driver/DriverIRQ.o
 .debug_macro   0x00006a86       0x1b ./Firmware/src/Driver/DriverRTC.o
 .debug_macro   0x00006aa1       0x1b ./Firmware/src/Driver/DriverSerie.o
 .debug_macro   0x00006abc       0x1b ./Firmware/src/Driver/DriverTFT.o
 .debug_macro   0x00006ad7      0x285 ./Firmware/src/Driver/DriverUSB.o
 .debug_macro   0x00006d5c      0x369 ./Firmware/src/Driver/Init.o
 .debug_macro   0x000070c5      0x1cd C:\Users\unknown\Documents\LPCWorkspace\lpc_chip_175x_6x\Debug\liblpc_chip_175x_6x.a(adc_17xx_40xx.o)
 .debug_macro   0x00007292      0x886 C:\Users\unknown\Documents\LPCWorkspace\lpc_chip_175x_6x\Debug\liblpc_chip_175x_6x.a(adc_17xx_40xx.o)
 .debug_macro   0x00007b18      0x1cd C:\Users\unknown\Documents\LPCWorkspace\lpc_chip_175x_6x\Debug\liblpc_chip_175x_6x.a(chip_17xx_40xx.o)
 .debug_macro   0x00007ce5      0x1cd C:\Users\unknown\Documents\LPCWorkspace\lpc_chip_175x_6x\Debug\liblpc_chip_175x_6x.a(clock_17xx_40xx.o)
 .debug_macro   0x00007eb2      0x1cd C:\Users\unknown\Documents\LPCWorkspace\lpc_chip_175x_6x\Debug\liblpc_chip_175x_6x.a(gpdma_17xx_40xx.o)
 .debug_macro   0x0000807f      0x1cd C:\Users\unknown\Documents\LPCWorkspace\lpc_chip_175x_6x\Debug\liblpc_chip_175x_6x.a(iocon_17xx_40xx.o)
 .debug_macro   0x0000824c      0x1cd C:\Users\unknown\Documents\LPCWorkspace\lpc_chip_175x_6x\Debug\liblpc_chip_175x_6x.a(sysinit_17xx_40xx.o)

.debug_line     0x00000000     0x6e4d
 .debug_line    0x00000000      0x5aa ./freeRTOS/src/FreeRTOSCommonHooks.o
 .debug_line    0x000005aa      0x248 ./freeRTOS/src/heap_3.o
 .debug_line    0x000007f2      0x296 ./freeRTOS/src/list.o
 .debug_line    0x00000a88      0x36f ./freeRTOS/src/port.o
 .debug_line    0x00000df7      0x68e ./freeRTOS/src/queue.o
 .debug_line    0x00001485      0xbd4 ./freeRTOS/src/tasks.o
 .debug_line    0x00002059       0xe3 ./Firmware/src/Main/cr_startup_lpc175x_6x.o
 .debug_line    0x0000213c      0x9bc ./Firmware/src/Main/main.o
 .debug_line    0x00002af8      0x407 ./Firmware/src/Main/sysinit.o
 .debug_line    0x00002eff      0x490 ./Firmware/src/Driver/DriverADC.o
 .debug_line    0x0000338f      0x51f ./Firmware/src/Driver/DriverGPIO.o
 .debug_line    0x000038ae      0x7ae ./Firmware/src/Driver/DriverIRQ.o
 .debug_line    0x0000405c       0xad ./Firmware/src/Driver/DriverRTC.o
 .debug_line    0x00004109       0xb1 ./Firmware/src/Driver/DriverSerie.o
 .debug_line    0x000041ba       0xad ./Firmware/src/Driver/DriverTFT.o
 .debug_line    0x00004267      0x5ac ./Firmware/src/Driver/DriverUSB.o
 .debug_line    0x00004813      0x72e ./Firmware/src/Driver/Init.o
 .debug_line    0x00004f41      0x521 C:\Users\unknown\Documents\LPCWorkspace\lpc_chip_175x_6x\Debug\liblpc_chip_175x_6x.a(adc_17xx_40xx.o)
 .debug_line    0x00005462      0x449 C:\Users\unknown\Documents\LPCWorkspace\lpc_chip_175x_6x\Debug\liblpc_chip_175x_6x.a(chip_17xx_40xx.o)
 .debug_line    0x000058ab      0x6c5 C:\Users\unknown\Documents\LPCWorkspace\lpc_chip_175x_6x\Debug\liblpc_chip_175x_6x.a(clock_17xx_40xx.o)
 .debug_line    0x00005f70      0x5e9 C:\Users\unknown\Documents\LPCWorkspace\lpc_chip_175x_6x\Debug\liblpc_chip_175x_6x.a(gpdma_17xx_40xx.o)
 .debug_line    0x00006559      0x435 C:\Users\unknown\Documents\LPCWorkspace\lpc_chip_175x_6x\Debug\liblpc_chip_175x_6x.a(iocon_17xx_40xx.o)
 .debug_line    0x0000698e      0x4bf C:\Users\unknown\Documents\LPCWorkspace\lpc_chip_175x_6x\Debug\liblpc_chip_175x_6x.a(sysinit_17xx_40xx.o)

.debug_str      0x00000000    0x1fa0c
 .debug_str     0x00000000    0x13a52 ./freeRTOS/src/FreeRTOSCommonHooks.o
                              0x13b56 (size before relaxing)
 .debug_str     0x00013a52      0x103 ./freeRTOS/src/heap_3.o
                               0x7247 (size before relaxing)
 .debug_str     0x00013b55      0x139 ./freeRTOS/src/list.o
                               0x6d60 (size before relaxing)
 .debug_str     0x00013c8e      0x76a ./freeRTOS/src/port.o
                               0x7943 (size before relaxing)
 .debug_str     0x000143f8      0xf75 ./freeRTOS/src/queue.o
                               0x82dc (size before relaxing)
 .debug_str     0x0001536d     0x1b4a ./freeRTOS/src/tasks.o
                               0x903a (size before relaxing)
 .debug_str     0x00016eb7      0x1a5 ./Firmware/src/Main/cr_startup_lpc175x_6x.o
                               0x26c2 (size before relaxing)
 .debug_str     0x0001705c     0x6a6e ./Firmware/src/Main/main.o
                              0x1adac (size before relaxing)
 .debug_str     0x0001daca       0x29 ./Firmware/src/Main/sysinit.o
                              0x1074c (size before relaxing)
 .debug_str     0x0001daf3       0xce ./Firmware/src/Driver/DriverADC.o
                              0x10929 (size before relaxing)
 .debug_str     0x0001dbc1      0x38e ./Firmware/src/Driver/DriverGPIO.o
                              0x1137a (size before relaxing)
 .debug_str     0x0001df4f      0x497 ./Firmware/src/Driver/DriverIRQ.o
                              0x19dc5 (size before relaxing)
 .debug_str     0x0001e3e6       0x2b ./Firmware/src/Driver/DriverRTC.o
                               0x2523 (size before relaxing)
 .debug_str     0x0001e411       0x2f ./Firmware/src/Driver/DriverSerie.o
                               0x2529 (size before relaxing)
 .debug_str     0x0001e440       0x2b ./Firmware/src/Driver/DriverTFT.o
                               0x2523 (size before relaxing)
 .debug_str     0x0001e46b      0x115 ./Firmware/src/Driver/DriverUSB.o
                              0x15690 (size before relaxing)
 .debug_str     0x0001e580       0x2a ./Firmware/src/Driver/Init.o
                              0x19885 (size before relaxing)
 .debug_str     0x0001e5aa      0x51c C:\Users\unknown\Documents\LPCWorkspace\lpc_chip_175x_6x\Debug\liblpc_chip_175x_6x.a(adc_17xx_40xx.o)
                              0x10ded (size before relaxing)
 .debug_str     0x0001eac6      0x16b C:\Users\unknown\Documents\LPCWorkspace\lpc_chip_175x_6x\Debug\liblpc_chip_175x_6x.a(chip_17xx_40xx.o)
                              0x10b4a (size before relaxing)
 .debug_str     0x0001ec31      0x623 C:\Users\unknown\Documents\LPCWorkspace\lpc_chip_175x_6x\Debug\liblpc_chip_175x_6x.a(clock_17xx_40xx.o)
                              0x111b8 (size before relaxing)
 .debug_str     0x0001f254      0x655 C:\Users\unknown\Documents\LPCWorkspace\lpc_chip_175x_6x\Debug\liblpc_chip_175x_6x.a(gpdma_17xx_40xx.o)
                              0x1127d (size before relaxing)
 .debug_str     0x0001f8a9       0x9f C:\Users\unknown\Documents\LPCWorkspace\lpc_chip_175x_6x\Debug\liblpc_chip_175x_6x.a(iocon_17xx_40xx.o)
                              0x10635 (size before relaxing)
 .debug_str     0x0001f948       0xc4 C:\Users\unknown\Documents\LPCWorkspace\lpc_chip_175x_6x\Debug\liblpc_chip_175x_6x.a(sysinit_17xx_40xx.o)
                              0x1081d (size before relaxing)

.comment        0x00000000       0xdc
 .comment       0x00000000       0x6e ./freeRTOS/src/FreeRTOSCommonHooks.o
                                 0x6f (size before relaxing)
 .comment       0x0000006e       0x6f ./freeRTOS/src/heap_3.o
 .comment       0x0000006e       0x6f ./freeRTOS/src/list.o
 .comment       0x0000006e       0x6f ./freeRTOS/src/port.o
 .comment       0x0000006e       0x6f ./freeRTOS/src/queue.o
 .comment       0x0000006e       0x6f ./freeRTOS/src/tasks.o
 .comment       0x0000006e       0x6f ./Firmware/src/Main/cr_startup_lpc175x_6x.o
 .comment       0x0000006e       0x6f ./Firmware/src/Main/main.o
 .comment       0x0000006e       0x6f ./Firmware/src/Main/sysinit.o
 .comment       0x0000006e       0x6f ./Firmware/src/Driver/DriverADC.o
 .comment       0x0000006e       0x6f ./Firmware/src/Driver/DriverGPIO.o
 .comment       0x0000006e       0x6f ./Firmware/src/Driver/DriverIRQ.o
 .comment       0x0000006e       0x6f ./Firmware/src/Driver/DriverRTC.o
 .comment       0x0000006e       0x6f ./Firmware/src/Driver/DriverSerie.o
 .comment       0x0000006e       0x6f ./Firmware/src/Driver/DriverTFT.o
 .comment       0x0000006e       0x6f ./Firmware/src/Driver/DriverUSB.o
 .comment       0x0000006e       0x6f ./Firmware/src/Driver/Init.o
 .comment       0x0000006e       0x6f C:\Users\unknown\Documents\LPCWorkspace\lpc_chip_175x_6x\Debug\liblpc_chip_175x_6x.a(adc_17xx_40xx.o)
 .comment       0x0000006e       0x6f C:\Users\unknown\Documents\LPCWorkspace\lpc_chip_175x_6x\Debug\liblpc_chip_175x_6x.a(chip_17xx_40xx.o)
 .comment       0x0000006e       0x6f C:\Users\unknown\Documents\LPCWorkspace\lpc_chip_175x_6x\Debug\liblpc_chip_175x_6x.a(clock_17xx_40xx.o)
 .comment       0x0000006e       0x6f C:\Users\unknown\Documents\LPCWorkspace\lpc_chip_175x_6x\Debug\liblpc_chip_175x_6x.a(gpdma_17xx_40xx.o)
 .comment       0x0000006e       0x6f C:\Users\unknown\Documents\LPCWorkspace\lpc_chip_175x_6x\Debug\liblpc_chip_175x_6x.a(iocon_17xx_40xx.o)
 .comment       0x0000006e       0x6f C:\Users\unknown\Documents\LPCWorkspace\lpc_chip_175x_6x\Debug\liblpc_chip_175x_6x.a(sysinit_17xx_40xx.o)
 .comment       0x0000006e       0x6e c:/nxp/lpcxpresso_8.2.2_650/lpcxpresso/tools/bin/../lib/gcc/arm-none-eabi/5.4.1/../../../../arm-none-eabi/lib/armv7-m\libcr_semihost.a(_cr__main.o)
                                 0x6f (size before relaxing)
 .comment       0x000000dc       0x6f c:/nxp/lpcxpresso_8.2.2_650/lpcxpresso/tools/bin/../lib/gcc/arm-none-eabi/5.4.1/../../../../arm-none-eabi/lib/armv7-m\libcr_c.a(memcpy.o)
 .comment       0x000000dc       0x6f c:/nxp/lpcxpresso_8.2.2_650/lpcxpresso/tools/bin/../lib/gcc/arm-none-eabi/5.4.1/../../../../arm-none-eabi/lib/armv7-m\libcr_c.a(memset.o)
 .comment       0x000000dc       0x6f c:/nxp/lpcxpresso_8.2.2_650/lpcxpresso/tools/bin/../lib/gcc/arm-none-eabi/5.4.1/../../../../arm-none-eabi/lib/armv7-m\libcr_c.a(alloc.o)
 .comment       0x000000dc       0x6f c:/nxp/lpcxpresso_8.2.2_650/lpcxpresso/tools/bin/../lib/gcc/arm-none-eabi/5.4.1/../../../../arm-none-eabi/lib/armv7-m\libcr_c.a(initio.o)
 .comment       0x000000dc       0x6f c:/nxp/lpcxpresso_8.2.2_650/lpcxpresso/tools/bin/../lib/gcc/arm-none-eabi/5.4.1/../../../../arm-none-eabi/lib/armv7-m\libcr_c.a(setvbuf.o)
 .comment       0x000000dc       0x6f c:/nxp/lpcxpresso_8.2.2_650/lpcxpresso/tools/bin/../lib/gcc/arm-none-eabi/5.4.1/../../../../arm-none-eabi/lib/armv7-m\libcr_c.a(stdio.o)
 .comment       0x000000dc       0x6f c:/nxp/lpcxpresso_8.2.2_650/lpcxpresso/tools/bin/../lib/gcc/arm-none-eabi/5.4.1/../../../../arm-none-eabi/lib/armv7-m\libcr_c.a(__init_alloc.o)
 .comment       0x000000dc       0x6f c:/nxp/lpcxpresso_8.2.2_650/lpcxpresso/tools/bin/../lib/gcc/arm-none-eabi/5.4.1/../../../../arm-none-eabi/lib/armv7-m\libcr_c.a(_cr_sbrk.o)
 .comment       0x000000dc       0x6f c:/nxp/lpcxpresso_8.2.2_650/lpcxpresso/tools/bin/../lib/gcc/arm-none-eabi/5.4.1/../../../../arm-none-eabi/lib/armv7-m\libcr_c.a(_deferredlazyseek.o)
 .comment       0x000000dc       0x6f c:/nxp/lpcxpresso_8.2.2_650/lpcxpresso/tools/bin/../lib/gcc/arm-none-eabi/5.4.1/../../../../arm-none-eabi/lib/armv7-m\libcr_c.a(_fdopen.o)
 .comment       0x000000dc       0x6f c:/nxp/lpcxpresso_8.2.2_650/lpcxpresso/tools/bin/../lib/gcc/arm-none-eabi/5.4.1/../../../../arm-none-eabi/lib/armv7-m\libcr_c.a(_fflush.o)
 .comment       0x000000dc       0x6f c:/nxp/lpcxpresso_8.2.2_650/lpcxpresso/tools/bin/../lib/gcc/arm-none-eabi/5.4.1/../../../../arm-none-eabi/lib/armv7-m\libcr_c.a(_writebuf.o)
 .comment       0x000000dc       0x6f c:/nxp/lpcxpresso_8.2.2_650/lpcxpresso/tools/bin/../lib/gcc/arm-none-eabi/5.4.1/../../../../arm-none-eabi/lib/armv7-m\libcr_c.a(errno.o)
 .comment       0x000000dc       0x6f c:/nxp/lpcxpresso_8.2.2_650/lpcxpresso/tools/bin/../lib/gcc/arm-none-eabi/5.4.1/../../../../arm-none-eabi/lib/armv7-m\libcr_c.a(fclose.o)
 .comment       0x000000dc       0x6f c:/nxp/lpcxpresso_8.2.2_650/lpcxpresso/tools/bin/../lib/gcc/arm-none-eabi/5.4.1/../../../../arm-none-eabi/lib/armv7-m\libcr_c.a(fflush.o)
 .comment       0x000000dc       0x6f c:/nxp/lpcxpresso_8.2.2_650/lpcxpresso/tools/bin/../lib/gcc/arm-none-eabi/5.4.1/../../../../arm-none-eabi/lib/armv7-m\libcr_c.a(fseek.o)
 .comment       0x000000dc       0x6f c:/nxp/lpcxpresso_8.2.2_650/lpcxpresso/tools/bin/../lib/gcc/arm-none-eabi/5.4.1/../../../../arm-none-eabi/lib/armv7-m\libcr_c.a(ftell.o)
 .comment       0x000000dc       0x6f c:/nxp/lpcxpresso_8.2.2_650/lpcxpresso/tools/bin/../lib/gcc/arm-none-eabi/5.4.1/../../../../arm-none-eabi/lib/armv7-m\libcr_c.a(remove.o)
 .comment       0x000000dc       0x6f c:/nxp/lpcxpresso_8.2.2_650/lpcxpresso/tools/bin/../lib/gcc/arm-none-eabi/5.4.1/../../../../arm-none-eabi/lib/armv7-m\libcr_c.a(strlen.o)
 .comment       0x000000dc       0x6f c:/nxp/lpcxpresso_8.2.2_650/lpcxpresso/tools/bin/../lib/gcc/arm-none-eabi/5.4.1/../../../../arm-none-eabi/lib/armv7-m\libcr_c.a(_cr_check_heap.o)
 .comment       0x000000dc       0x6f c:/nxp/lpcxpresso_8.2.2_650/lpcxpresso/tools/bin/../lib/gcc/arm-none-eabi/5.4.1/../../../../arm-none-eabi/lib/armv7-m\libcr_c.a(_do_fflush.o)

.ARM.attributes
                0x00000000       0x31
 .ARM.attributes
                0x00000000       0x33 ./freeRTOS/src/FreeRTOSCommonHooks.o
 .ARM.attributes
                0x00000033       0x33 ./freeRTOS/src/heap_3.o
 .ARM.attributes
                0x00000066       0x33 ./freeRTOS/src/list.o
 .ARM.attributes
                0x00000099       0x33 ./freeRTOS/src/port.o
 .ARM.attributes
                0x000000cc       0x33 ./freeRTOS/src/queue.o
 .ARM.attributes
                0x000000ff       0x33 ./freeRTOS/src/tasks.o
 .ARM.attributes
                0x00000132       0x33 ./Firmware/src/Main/cr_startup_lpc175x_6x.o
 .ARM.attributes
                0x00000165       0x33 ./Firmware/src/Main/main.o
 .ARM.attributes
                0x00000198       0x33 ./Firmware/src/Main/sysinit.o
 .ARM.attributes
                0x000001cb       0x33 ./Firmware/src/Driver/DriverADC.o
 .ARM.attributes
                0x000001fe       0x33 ./Firmware/src/Driver/DriverGPIO.o
 .ARM.attributes
                0x00000231       0x33 ./Firmware/src/Driver/DriverIRQ.o
 .ARM.attributes
                0x00000264       0x33 ./Firmware/src/Driver/DriverRTC.o
 .ARM.attributes
                0x00000297       0x33 ./Firmware/src/Driver/DriverSerie.o
 .ARM.attributes
                0x000002ca       0x33 ./Firmware/src/Driver/DriverTFT.o
 .ARM.attributes
                0x000002fd       0x33 ./Firmware/src/Driver/DriverUSB.o
 .ARM.attributes
                0x00000330       0x33 ./Firmware/src/Driver/Init.o
 .ARM.attributes
                0x00000363       0x33 C:\Users\unknown\Documents\LPCWorkspace\lpc_chip_175x_6x\Debug\liblpc_chip_175x_6x.a(adc_17xx_40xx.o)
 .ARM.attributes
                0x00000396       0x33 C:\Users\unknown\Documents\LPCWorkspace\lpc_chip_175x_6x\Debug\liblpc_chip_175x_6x.a(chip_17xx_40xx.o)
 .ARM.attributes
                0x000003c9       0x33 C:\Users\unknown\Documents\LPCWorkspace\lpc_chip_175x_6x\Debug\liblpc_chip_175x_6x.a(clock_17xx_40xx.o)
 .ARM.attributes
                0x000003fc       0x33 C:\Users\unknown\Documents\LPCWorkspace\lpc_chip_175x_6x\Debug\liblpc_chip_175x_6x.a(gpdma_17xx_40xx.o)
 .ARM.attributes
                0x0000042f       0x33 C:\Users\unknown\Documents\LPCWorkspace\lpc_chip_175x_6x\Debug\liblpc_chip_175x_6x.a(iocon_17xx_40xx.o)
 .ARM.attributes
                0x00000462       0x33 C:\Users\unknown\Documents\LPCWorkspace\lpc_chip_175x_6x\Debug\liblpc_chip_175x_6x.a(sysinit_17xx_40xx.o)
 .ARM.attributes
                0x00000495       0x33 c:/nxp/lpcxpresso_8.2.2_650/lpcxpresso/tools/bin/../lib/gcc/arm-none-eabi/5.4.1/../../../../arm-none-eabi/lib/armv7-m\libcr_semihost.a(_cr__main.o)
 .ARM.attributes
                0x000004c8       0x33 c:/nxp/lpcxpresso_8.2.2_650/lpcxpresso/tools/bin/../lib/gcc/arm-none-eabi/5.4.1/../../../../arm-none-eabi/lib/armv7-m\libcr_c.a(memcpy.o)
 .ARM.attributes
                0x000004fb       0x33 c:/nxp/lpcxpresso_8.2.2_650/lpcxpresso/tools/bin/../lib/gcc/arm-none-eabi/5.4.1/../../../../arm-none-eabi/lib/armv7-m\libcr_c.a(memset.o)
 .ARM.attributes
                0x0000052e       0x33 c:/nxp/lpcxpresso_8.2.2_650/lpcxpresso/tools/bin/../lib/gcc/arm-none-eabi/5.4.1/../../../../arm-none-eabi/lib/armv7-m\libcr_c.a(alloc.o)
 .ARM.attributes
                0x00000561       0x33 c:/nxp/lpcxpresso_8.2.2_650/lpcxpresso/tools/bin/../lib/gcc/arm-none-eabi/5.4.1/../../../../arm-none-eabi/lib/armv7-m\libcr_c.a(initio.o)
 .ARM.attributes
                0x00000594       0x33 c:/nxp/lpcxpresso_8.2.2_650/lpcxpresso/tools/bin/../lib/gcc/arm-none-eabi/5.4.1/../../../../arm-none-eabi/lib/armv7-m\libcr_c.a(setvbuf.o)
 .ARM.attributes
                0x000005c7       0x33 c:/nxp/lpcxpresso_8.2.2_650/lpcxpresso/tools/bin/../lib/gcc/arm-none-eabi/5.4.1/../../../../arm-none-eabi/lib/armv7-m\libcr_c.a(stdio.o)
 .ARM.attributes
                0x000005fa       0x33 c:/nxp/lpcxpresso_8.2.2_650/lpcxpresso/tools/bin/../lib/gcc/arm-none-eabi/5.4.1/../../../../arm-none-eabi/lib/armv7-m\libcr_c.a(__init_alloc.o)
 .ARM.attributes
                0x0000062d       0x33 c:/nxp/lpcxpresso_8.2.2_650/lpcxpresso/tools/bin/../lib/gcc/arm-none-eabi/5.4.1/../../../../arm-none-eabi/lib/armv7-m\libcr_c.a(_cr_sbrk.o)
 .ARM.attributes
                0x00000660       0x33 c:/nxp/lpcxpresso_8.2.2_650/lpcxpresso/tools/bin/../lib/gcc/arm-none-eabi/5.4.1/../../../../arm-none-eabi/lib/armv7-m\libcr_c.a(_deferredlazyseek.o)
 .ARM.attributes
                0x00000693       0x33 c:/nxp/lpcxpresso_8.2.2_650/lpcxpresso/tools/bin/../lib/gcc/arm-none-eabi/5.4.1/../../../../arm-none-eabi/lib/armv7-m\libcr_c.a(_fdopen.o)
 .ARM.attributes
                0x000006c6       0x33 c:/nxp/lpcxpresso_8.2.2_650/lpcxpresso/tools/bin/../lib/gcc/arm-none-eabi/5.4.1/../../../../arm-none-eabi/lib/armv7-m\libcr_c.a(_fflush.o)
 .ARM.attributes
                0x000006f9       0x33 c:/nxp/lpcxpresso_8.2.2_650/lpcxpresso/tools/bin/../lib/gcc/arm-none-eabi/5.4.1/../../../../arm-none-eabi/lib/armv7-m\libcr_c.a(_writebuf.o)
 .ARM.attributes
                0x0000072c       0x33 c:/nxp/lpcxpresso_8.2.2_650/lpcxpresso/tools/bin/../lib/gcc/arm-none-eabi/5.4.1/../../../../arm-none-eabi/lib/armv7-m\libcr_c.a(errno.o)
 .ARM.attributes
                0x0000075f       0x33 c:/nxp/lpcxpresso_8.2.2_650/lpcxpresso/tools/bin/../lib/gcc/arm-none-eabi/5.4.1/../../../../arm-none-eabi/lib/armv7-m\libcr_c.a(fclose.o)
 .ARM.attributes
                0x00000792       0x33 c:/nxp/lpcxpresso_8.2.2_650/lpcxpresso/tools/bin/../lib/gcc/arm-none-eabi/5.4.1/../../../../arm-none-eabi/lib/armv7-m\libcr_c.a(fflush.o)
 .ARM.attributes
                0x000007c5       0x33 c:/nxp/lpcxpresso_8.2.2_650/lpcxpresso/tools/bin/../lib/gcc/arm-none-eabi/5.4.1/../../../../arm-none-eabi/lib/armv7-m\libcr_c.a(fseek.o)
 .ARM.attributes
                0x000007f8       0x33 c:/nxp/lpcxpresso_8.2.2_650/lpcxpresso/tools/bin/../lib/gcc/arm-none-eabi/5.4.1/../../../../arm-none-eabi/lib/armv7-m\libcr_c.a(ftell.o)
 .ARM.attributes
                0x0000082b       0x33 c:/nxp/lpcxpresso_8.2.2_650/lpcxpresso/tools/bin/../lib/gcc/arm-none-eabi/5.4.1/../../../../arm-none-eabi/lib/armv7-m\libcr_c.a(remove.o)
 .ARM.attributes
                0x0000085e       0x33 c:/nxp/lpcxpresso_8.2.2_650/lpcxpresso/tools/bin/../lib/gcc/arm-none-eabi/5.4.1/../../../../arm-none-eabi/lib/armv7-m\libcr_c.a(strlen.o)
 .ARM.attributes
                0x00000891       0x33 c:/nxp/lpcxpresso_8.2.2_650/lpcxpresso/tools/bin/../lib/gcc/arm-none-eabi/5.4.1/../../../../arm-none-eabi/lib/armv7-m\libcr_c.a(_cr_check_heap.o)
 .ARM.attributes
                0x000008c4       0x33 c:/nxp/lpcxpresso_8.2.2_650/lpcxpresso/tools/bin/../lib/gcc/arm-none-eabi/5.4.1/../../../../arm-none-eabi/lib/armv7-m\libcr_c.a(_do_fflush.o)
 .ARM.attributes
                0x000008f7       0x21 c:/nxp/lpcxpresso_8.2.2_650/lpcxpresso/tools/bin/../lib/gcc/arm-none-eabi/5.4.1/armv7-m\libcr_eabihelpers.a(memcpy.o)
 .ARM.attributes
                0x00000918       0x21 c:/nxp/lpcxpresso_8.2.2_650/lpcxpresso/tools/bin/../lib/gcc/arm-none-eabi/5.4.1/../../../../arm-none-eabi/lib/armv7-m\libcr_semihost.a(__sys_appexit.o)
 .ARM.attributes
                0x00000939       0x21 c:/nxp/lpcxpresso_8.2.2_650/lpcxpresso/tools/bin/../lib/gcc/arm-none-eabi/5.4.1/../../../../arm-none-eabi/lib/armv7-m\libcr_semihost.a(__sys_close.o)
 .ARM.attributes
                0x0000095a       0x21 c:/nxp/lpcxpresso_8.2.2_650/lpcxpresso/tools/bin/../lib/gcc/arm-none-eabi/5.4.1/../../../../arm-none-eabi/lib/armv7-m\libcr_semihost.a(__sys_flen.o)
 .ARM.attributes
                0x0000097b       0x21 c:/nxp/lpcxpresso_8.2.2_650/lpcxpresso/tools/bin/../lib/gcc/arm-none-eabi/5.4.1/../../../../arm-none-eabi/lib/armv7-m\libcr_semihost.a(__sys_istty.o)
 .ARM.attributes
                0x0000099c       0x21 c:/nxp/lpcxpresso_8.2.2_650/lpcxpresso/tools/bin/../lib/gcc/arm-none-eabi/5.4.1/../../../../arm-none-eabi/lib/armv7-m\libcr_semihost.a(__sys_remove.o)
 .ARM.attributes
                0x000009bd       0x21 c:/nxp/lpcxpresso_8.2.2_650/lpcxpresso/tools/bin/../lib/gcc/arm-none-eabi/5.4.1/../../../../arm-none-eabi/lib/armv7-m\libcr_semihost.a(__sys_seek.o)
 .ARM.attributes
                0x000009de       0x21 c:/nxp/lpcxpresso_8.2.2_650/lpcxpresso/tools/bin/../lib/gcc/arm-none-eabi/5.4.1/../../../../arm-none-eabi/lib/armv7-m\libcr_semihost.a(__sys_tmpnam.o)
 .ARM.attributes
                0x000009ff       0x21 c:/nxp/lpcxpresso_8.2.2_650/lpcxpresso/tools/bin/../lib/gcc/arm-none-eabi/5.4.1/../../../../arm-none-eabi/lib/armv7-m\libcr_semihost.a(__sys_write.o)

.debug_frame    0x00000000     0x2258
 .debug_frame   0x00000000       0xb4 ./freeRTOS/src/FreeRTOSCommonHooks.o
 .debug_frame   0x000000b4       0x58 ./freeRTOS/src/heap_3.o
 .debug_frame   0x0000010c       0xd8 ./freeRTOS/src/list.o
 .debug_frame   0x000001e4      0x178 ./freeRTOS/src/port.o
 .debug_frame   0x0000035c      0x498 ./freeRTOS/src/queue.o
 .debug_frame   0x000007f4      0x864 ./freeRTOS/src/tasks.o
 .debug_frame   0x00001058      0x170 ./Firmware/src/Main/cr_startup_lpc175x_6x.o
 .debug_frame   0x000011c8      0x178 ./Firmware/src/Main/main.o
 .debug_frame   0x00001340       0x34 ./Firmware/src/Main/sysinit.o
 .debug_frame   0x00001374       0x70 ./Firmware/src/Driver/DriverADC.o
 .debug_frame   0x000013e4      0x118 ./Firmware/src/Driver/DriverGPIO.o
 .debug_frame   0x000014fc       0xf8 ./Firmware/src/Driver/DriverIRQ.o
 .debug_frame   0x000015f4       0x30 ./Firmware/src/Driver/DriverRTC.o
 .debug_frame   0x00001624       0x30 ./Firmware/src/Driver/DriverSerie.o
 .debug_frame   0x00001654       0x30 ./Firmware/src/Driver/DriverTFT.o
 .debug_frame   0x00001684       0x70 ./Firmware/src/Driver/DriverUSB.o
 .debug_frame   0x000016f4       0x2c ./Firmware/src/Driver/Init.o
 .debug_frame   0x00001720      0x218 C:\Users\unknown\Documents\LPCWorkspace\lpc_chip_175x_6x\Debug\liblpc_chip_175x_6x.a(adc_17xx_40xx.o)
 .debug_frame   0x00001938       0x88 C:\Users\unknown\Documents\LPCWorkspace\lpc_chip_175x_6x\Debug\liblpc_chip_175x_6x.a(chip_17xx_40xx.o)
 .debug_frame   0x000019c0      0x490 C:\Users\unknown\Documents\LPCWorkspace\lpc_chip_175x_6x\Debug\liblpc_chip_175x_6x.a(clock_17xx_40xx.o)
 .debug_frame   0x00001e50      0x25c C:\Users\unknown\Documents\LPCWorkspace\lpc_chip_175x_6x\Debug\liblpc_chip_175x_6x.a(gpdma_17xx_40xx.o)
 .debug_frame   0x000020ac       0x80 C:\Users\unknown\Documents\LPCWorkspace\lpc_chip_175x_6x\Debug\liblpc_chip_175x_6x.a(iocon_17xx_40xx.o)
 .debug_frame   0x0000212c      0x12c C:\Users\unknown\Documents\LPCWorkspace\lpc_chip_175x_6x\Debug\liblpc_chip_175x_6x.a(sysinit_17xx_40xx.o)
